Archive member included to satisfy reference by file (symbol)

C:/ST/STM32CubeIDE_2.1.1/STM32CubeIDE/plugins/com.st.stm32cube.ide.mcu.externaltools.gnu-tools-for-stm32.14.3.rel1.win32_1.0.100.202602081740/tools/bin/../lib/gcc/arm-none-eabi/14.3.1/../../../../arm-none-eabi/lib/thumb/v7e-m+fp/hard\libc_nano.a(libc_a-exit.o)
                              C:/ST/STM32CubeIDE_2.1.1/STM32CubeIDE/plugins/com.st.stm32cube.ide.mcu.externaltools.gnu-tools-for-stm32.14.3.rel1.win32_1.0.100.202602081740/tools/bin/../lib/gcc/arm-none-eabi/14.3.1/../../../../arm-none-eabi/lib/thumb/v7e-m+fp/hard/crt0.o (exit)
C:/ST/STM32CubeIDE_2.1.1/STM32CubeIDE/plugins/com.st.stm32cube.ide.mcu.externaltools.gnu-tools-for-stm32.14.3.rel1.win32_1.0.100.202602081740/tools/bin/../lib/gcc/arm-none-eabi/14.3.1/../../../../arm-none-eabi/lib/thumb/v7e-m+fp/hard\libc_nano.a(libc_a-findfp.o)
                              C:/ST/STM32CubeIDE_2.1.1/STM32CubeIDE/plugins/com.st.stm32cube.ide.mcu.externaltools.gnu-tools-for-stm32.14.3.rel1.win32_1.0.100.202602081740/tools/bin/../lib/gcc/arm-none-eabi/14.3.1/../../../../arm-none-eabi/lib/thumb/v7e-m+fp/hard\libc_nano.a(libc_a-exit.o) (__stdio_exit_handler)
C:/ST/STM32CubeIDE_2.1.1/STM32CubeIDE/plugins/com.st.stm32cube.ide.mcu.externaltools.gnu-tools-for-stm32.14.3.rel1.win32_1.0.100.202602081740/tools/bin/../lib/gcc/arm-none-eabi/14.3.1/../../../../arm-none-eabi/lib/thumb/v7e-m+fp/hard\libc_nano.a(libc_a-fwalk.o)
                              C:/ST/STM32CubeIDE_2.1.1/STM32CubeIDE/plugins/com.st.stm32cube.ide.mcu.externaltools.gnu-tools-for-stm32.14.3.rel1.win32_1.0.100.202602081740/tools/bin/../lib/gcc/arm-none-eabi/14.3.1/../../../../arm-none-eabi/lib/thumb/v7e-m+fp/hard\libc_nano.a(libc_a-findfp.o) (_fwalk_sglue)
C:/ST/STM32CubeIDE_2.1.1/STM32CubeIDE/plugins/com.st.stm32cube.ide.mcu.externaltools.gnu-tools-for-stm32.14.3.rel1.win32_1.0.100.202602081740/tools/bin/../lib/gcc/arm-none-eabi/14.3.1/../../../../arm-none-eabi/lib/thumb/v7e-m+fp/hard\libc_nano.a(libc_a-stdio.o)
                              C:/ST/STM32CubeIDE_2.1.1/STM32CubeIDE/plugins/com.st.stm32cube.ide.mcu.externaltools.gnu-tools-for-stm32.14.3.rel1.win32_1.0.100.202602081740/tools/bin/../lib/gcc/arm-none-eabi/14.3.1/../../../../arm-none-eabi/lib/thumb/v7e-m+fp/hard\libc_nano.a(libc_a-findfp.o) (__sread)
C:/ST/STM32CubeIDE_2.1.1/STM32CubeIDE/plugins/com.st.stm32cube.ide.mcu.externaltools.gnu-tools-for-stm32.14.3.rel1.win32_1.0.100.202602081740/tools/bin/../lib/gcc/arm-none-eabi/14.3.1/../../../../arm-none-eabi/lib/thumb/v7e-m+fp/hard\libc_nano.a(libc_a-memset.o)
                              C:/ST/STM32CubeIDE_2.1.1/STM32CubeIDE/plugins/com.st.stm32cube.ide.mcu.externaltools.gnu-tools-for-stm32.14.3.rel1.win32_1.0.100.202602081740/tools/bin/../lib/gcc/arm-none-eabi/14.3.1/../../../../arm-none-eabi/lib/thumb/v7e-m+fp/hard/crt0.o (memset)
C:/ST/STM32CubeIDE_2.1.1/STM32CubeIDE/plugins/com.st.stm32cube.ide.mcu.externaltools.gnu-tools-for-stm32.14.3.rel1.win32_1.0.100.202602081740/tools/bin/../lib/gcc/arm-none-eabi/14.3.1/../../../../arm-none-eabi/lib/thumb/v7e-m+fp/hard\libc_nano.a(libc_a-closer.o)
                              C:/ST/STM32CubeIDE_2.1.1/STM32CubeIDE/plugins/com.st.stm32cube.ide.mcu.externaltools.gnu-tools-for-stm32.14.3.rel1.win32_1.0.100.202602081740/tools/bin/../lib/gcc/arm-none-eabi/14.3.1/../../../../arm-none-eabi/lib/thumb/v7e-m+fp/hard\libc_nano.a(libc_a-stdio.o) (_close_r)
C:/ST/STM32CubeIDE_2.1.1/STM32CubeIDE/plugins/com.st.stm32cube.ide.mcu.externaltools.gnu-tools-for-stm32.14.3.rel1.win32_1.0.100.202602081740/tools/bin/../lib/gcc/arm-none-eabi/14.3.1/../../../../arm-none-eabi/lib/thumb/v7e-m+fp/hard\libc_nano.a(libc_a-reent.o)
                              C:/ST/STM32CubeIDE_2.1.1/STM32CubeIDE/plugins/com.st.stm32cube.ide.mcu.externaltools.gnu-tools-for-stm32.14.3.rel1.win32_1.0.100.202602081740/tools/bin/../lib/gcc/arm-none-eabi/14.3.1/../../../../arm-none-eabi/lib/thumb/v7e-m+fp/hard\libc_nano.a(libc_a-closer.o) (errno)
C:/ST/STM32CubeIDE_2.1.1/STM32CubeIDE/plugins/com.st.stm32cube.ide.mcu.externaltools.gnu-tools-for-stm32.14.3.rel1.win32_1.0.100.202602081740/tools/bin/../lib/gcc/arm-none-eabi/14.3.1/../../../../arm-none-eabi/lib/thumb/v7e-m+fp/hard\libc_nano.a(libc_a-impure.o)
                              C:/ST/STM32CubeIDE_2.1.1/STM32CubeIDE/plugins/com.st.stm32cube.ide.mcu.externaltools.gnu-tools-for-stm32.14.3.rel1.win32_1.0.100.202602081740/tools/bin/../lib/gcc/arm-none-eabi/14.3.1/../../../../arm-none-eabi/lib/thumb/v7e-m+fp/hard\libc_nano.a(libc_a-reent.o) (_impure_ptr)
C:/ST/STM32CubeIDE_2.1.1/STM32CubeIDE/plugins/com.st.stm32cube.ide.mcu.externaltools.gnu-tools-for-stm32.14.3.rel1.win32_1.0.100.202602081740/tools/bin/../lib/gcc/arm-none-eabi/14.3.1/../../../../arm-none-eabi/lib/thumb/v7e-m+fp/hard\libc_nano.a(libc_a-lseekr.o)
[...]
Memory Configuration

Name             Origin             Length             Attributes
CCMRAM           0x10000000         0x00010000         xrw
RAM              0x20000000         0x00020000         xrw
FLASH            0x08000000         0x00100000         xr
*default*        0x00000000         0xffffffff

Linker script and memory map

LOAD C:/ST/STM32CubeIDE_2.1.1/STM32CubeIDE/plugins/com.st.stm32cube.ide.mcu.externaltools.gnu-tools-for-stm32.14.3.rel1.win32_1.0.100.202602081740/tools/bin/../lib/gcc/arm-none-eabi/14.3.1/thumb/v7e-m+fp/hard/crti.o
LOAD C:/ST/STM32CubeIDE_2.1.1/STM32CubeIDE/plugins/com.st.stm32cube.ide.mcu.externaltools.gnu-tools-for-stm32.14.3.rel1.win32_1.0.100.202602081740/tools/bin/../lib/gcc/arm-none-eabi/14.3.1/thumb/v7e-m+fp/hard/crtbegin.o
LOAD C:/ST/STM32CubeIDE_2.1.1/STM32CubeIDE/plugins/com.st.stm32cube.ide.mcu.externaltools.gnu-tools-for-stm32.14.3.rel1.win32_1.0.100.202602081740/tools/bin/../lib/gcc/arm-none-eabi/14.3.1/../../../../arm-none-eabi/lib/thumb/v7e-m+fp/hard/crt0.o
LOAD ./Core/Src/main.o
LOAD ./Core/Src/stm32f4xx_hal_msp.o
LOAD ./Core/Src/stm32f4xx_it.o
LOAD ./Core/Src/syscalls.o
LOAD ./Core/Src/sysmem.o
LOAD ./Core/Src/system_stm32f4xx.o
LOAD ./Core/Startup/startup_stm32f407vgtx.o
LOAD ./Drivers/STM32F4xx_HAL_Driver/Src/stm32f4xx_hal.o
LOAD ./Drivers/STM32F4xx_HAL_Driver/Src/stm32f4xx_hal_cortex.o
LOAD ./Drivers/STM32F4xx_HAL_Driver/Src/stm32f4xx_hal_dma.o
LOAD ./Drivers/STM32F4xx_HAL_Driver/Src/stm32f4xx_hal_dma_ex.o
LOAD ./Drivers/STM32F4xx_HAL_Driver/Src/stm32f4xx_hal_exti.o
LOAD ./Drivers/STM32F4xx_HAL_Driver/Src/stm32f4xx_hal_flash.o
LOAD ./Drivers/STM32F4xx_HAL_Driver/Src/stm32f4xx_hal_flash_ex.o
LOAD ./Drivers/STM32F4xx_HAL_Driver/Src/stm32f4xx_hal_flash_ramfunc.o
LOAD ./Drivers/STM32F4xx_HAL_Driver/Src/stm32f4xx_hal_gpio.o
LOAD ./Drivers/STM32F4xx_HAL_Driver/Src/stm32f4xx_hal_pcd.o
LOAD ./Drivers/STM32F4xx_HAL_Driver/Src/stm32f4xx_hal_pcd_ex.o
LOAD ./Drivers/STM32F4xx_HAL_Driver/Src/stm32f4xx_hal_pwr.o
LOAD ./Drivers/STM32F4xx_HAL_Driver/Src/stm32f4xx_hal_pwr_ex.o
LOAD ./Drivers/STM32F4xx_HAL_Driver/Src/stm32f4xx_hal_rcc.o
LOAD ./Drivers/STM32F4xx_HAL_Driver/Src/stm32f4xx_hal_rcc_ex.o
LOAD ./Drivers/STM32F4xx_HAL_Driver/Src/stm32f4xx_ll_usb.o
LOAD ./Middlewares/ST/STM32_USB_Device_Library/Class/MSC/Src/usbd_msc.o
LOAD ./Middlewares/ST/STM32_USB_Device_Library/Class/MSC/Src/usbd_msc_bot.o
LOAD ./Middlewares/ST/STM32_USB_Device_Library/Class/MSC/Src/usbd_msc_data.o
LOAD ./Middlewares/ST/STM32_USB_Device_Library/Class/MSC/Src/usbd_msc_scsi.o
LOAD ./Middlewares/ST/STM32_USB_Device_Library/Core/Src/usbd_core.o
LOAD ./Middlewares/ST/STM32_USB_Device_Library/Core/Src/usbd_ctlreq.o
LOAD ./Middlewares/ST/STM32_USB_Device_Library/Core/Src/usbd_ioreq.o
LOAD ./USB_DEVICE/App/usb_device.o
LOAD ./USB_DEVICE/App/usbd_desc.o
LOAD ./USB_DEVICE/App/usbd_storage_if.o
LOAD ./USB_DEVICE/Target/usbd_conf.o
START GROUP
LOAD C:/ST/STM32CubeIDE_2.1.1/STM32CubeIDE/plugins/com.st.stm32cube.ide.mcu.externaltools.gnu-tools-for-stm32.14.3.rel1.win32_1.0.100.202602081740/tools/bin/../lib/gcc/arm-none-eabi/14.3.1/../../../../arm-none-eabi/lib/thumb/v7e-m+fp/hard\libc_nano.a
LOAD C:/ST/STM32CubeIDE_2.1.1/STM32CubeIDE/plugins/com.st.stm32cube.ide.mcu.externaltools.gnu-tools-for-stm32.14.3.rel1.win32_1.0.100.202602081740/tools/bin/../lib/gcc/arm-none-eabi/14.3.1/../../../../arm-none-eabi/lib/thumb/v7e-m+fp/hard\libm.a
END GROUP
START GROUP
LOAD C:/ST/STM32CubeIDE_2.1.1/STM32CubeIDE/plugins/com.st.stm32cube.ide.mcu.externaltools.gnu-tools-for-stm32.14.3.rel1.win32_1.0.100.202602081740/tools/bin/../lib/gcc/arm-none-eabi/14.3.1/thumb/v7e-m+fp/hard\libgcc.a
LOAD C:/ST/STM32CubeIDE_2.1.1/STM32CubeIDE/plugins/com.st.stm32cube.ide.mcu.externaltools.gnu-tools-for-stm32.14.3.rel1.win32_1.0.100.202602081740/tools/bin/../lib/gcc/arm-none-eabi/14.3.1/../../../../arm-none-eabi/lib/thumb/v7e-m+fp/hard\libc_nano.a
END GROUP
START GROUP
LOAD C:/ST/STM32CubeIDE_2.1.1/STM32CubeIDE/plugins/com.st.stm32cube.ide.mcu.externaltools.gnu-tools-for-stm32.14.3.rel1.win32_1.0.100.202602081740/tools/bin/../lib/gcc/arm-none-eabi/14.3.1/thumb/v7e-m+fp/hard\libgcc.a
LOAD C:/ST/STM32CubeIDE_2.1.1/STM32CubeIDE/plugins/com.st.stm32cube.ide.mcu.externaltools.gnu-tools-for-stm32.14.3.rel1.win32_1.0.100.202602081740/tools/bin/../lib/gcc/arm-none-eabi/14.3.1/../../../../arm-none-eabi/lib/thumb/v7e-m+fp/hard\libc_nano.a
LOAD C:/ST/STM32CubeIDE_2.1.1/STM32CubeIDE/plugins/com.st.stm32cube.ide.mcu.externaltools.gnu-tools-for-stm32.14.3.rel1.win32_1.0.100.202602081740/tools/bin/../lib/gcc/arm-none-eabi/14.3.1/../../../../arm-none-eabi/lib/thumb/v7e-m+fp/hard\libnosys.a
END GROUP
START GROUP
LOAD C:/ST/STM32CubeIDE_2.1.1/STM32CubeIDE/plugins/com.st.stm32cube.ide.mcu.externaltools.gnu-tools-for-stm32.14.3.rel1.win32_1.0.100.202602081740/tools/bin/../lib/gcc/arm-none-eabi/14.3.1/thumb/v7e-m+fp/hard\libgcc.a
LOAD C:/ST/STM32CubeIDE_2.1.1/STM32CubeIDE/plugins/com.st.stm32cube.ide.mcu.externaltools.gnu-tools-for-stm32.14.3.rel1.win32_1.0.100.202602081740/tools/bin/../lib/gcc/arm-none-eabi/14.3.1/../../../../arm-none-eabi/lib/thumb/v7e-m+fp/hard\libc_nano.a
LOAD C:/ST/STM32CubeIDE_2.1.1/STM32CubeIDE/plugins/com.st.stm32cube.ide.mcu.externaltools.gnu-tools-for-stm32.14.3.rel1.win32_1.0.100.202602081740/tools/bin/../lib/gcc/arm-none-eabi/14.3.1/../../../../arm-none-eabi/lib/thumb/v7e-m+fp/hard\libnosys.a
END GROUP
LOAD C:/ST/STM32CubeIDE_2.1.1/STM32CubeIDE/plugins/com.st.stm32cube.ide.mcu.externaltools.gnu-tools-for-stm32.14.3.rel1.win32_1.0.100.202602081740/tools/bin/../lib/gcc/arm-none-eabi/14.3.1/thumb/v7e-m+fp/hard/crtend.o
LOAD C:/ST/STM32CubeIDE_2.1.1/STM32CubeIDE/plugins/com.st.stm32cube.ide.mcu.externaltools.gnu-tools-for-stm32.14.3.rel1.win32_1.0.100.202602081740/tools/bin/../lib/gcc/arm-none-eabi/14.3.1/thumb/v7e-m+fp/hard/crtn.o
                0x20020000                        _estack = (ORIGIN (RAM) + LENGTH (RAM))
                0x00000200                        _Min_Heap_Size = 0x200
                0x00000400                        _Min_Stack_Size = 0x400

.isr_vector     0x08000000      0x188
                0x08000000                        . = ALIGN (0x4)
 *(.isr_vector)
 .isr_vector    0x08000000      0x188 ./Core/Startup/startup_stm32f407vgtx.o
                0x08000000                g_pfnVectors
                0x08000188                        . = ALIGN (0x4)

.text           0x08000188     0x82a0
                0x08000188                        . = ALIGN (0x4)
 *(.text)
 .text          0x08000188       0x40 C:/ST/STM32CubeIDE_2.1.1/STM32CubeIDE/plugins/com.st.stm32cube.ide.mcu.externaltools.gnu-tools-for-stm32.14.3.rel1.win32_1.0.100.202602081740/tools/bin/../lib/gcc/arm-none-eabi/14.3.1/thumb/v7e-m+fp/hard/crtbegin.o
 .text          0x080001c8       0x30 C:/ST/STM32CubeIDE_2.1.1/STM32CubeIDE/plugins/com.st.stm32cube.ide.mcu.externaltools.gnu-tools-for-stm32.14.3.rel1.win32_1.0.100.202602081740/tools/bin/../lib/gcc/arm-none-eabi/14.3.1/thumb/v7e-m+fp/hard\libgcc.a(_aeabi_uldivmod.o)
                0x080001c8                __aeabi_uldivmod
 .text          0x080001f8      0x2f8 C:/ST/STM32CubeIDE_2.1.1/STM32CubeIDE/plugins/com.st.stm32cube.ide.mcu.externaltools.gnu-tools-for-stm32.14.3.rel1.win32_1.0.100.202602081740/tools/bin/../lib/gcc/arm-none-eabi/14.3.1/thumb/v7e-m+fp/hard\libgcc.a(_udivmoddi4.o)
                0x080001f8                __udivmoddi4
 .text          0x080004f0        0x4 C:/ST/STM32CubeIDE_2.1.1/STM32CubeIDE/plugins/com.st.stm32cube.ide.mcu.externaltools.gnu-tools-for-stm32.14.3.rel1.win32_1.0.100.202602081740/tools/bin/../lib/gcc/arm-none-eabi/14.3.1/thumb/v7e-m+fp/hard\libgcc.a(_dvmd_tls.o)
                0x080004f0                __aeabi_idiv0
                0x080004f0                __aeabi_ldiv0
 *(.text*)
 .text.main     0x080004f4       0x18 ./Core/Src/main.o
                0x080004f4                main
 .text.SystemClock_Config
                0x0800050c       0xd4 ./Core/Src/main.o
                0x0800050c                SystemClock_Config
 .text.MX_GPIO_Init
                0x080005e0       0x50 ./Core/Src/main.o
 .text.Error_Handler
                0x08000630        0xc ./Core/Src/main.o
                0x08000630                Error_Handler
 .text.HAL_MspInit
                0x0800063c       0x50 ./Core/Src/stm32f4xx_hal_msp.o
                0x0800063c                HAL_MspInit
 .text.NMI_Handler
                0x0800068c        0x8 ./Core/Src/stm32f4xx_it.o
                0x0800068c                NMI_Handler
 .text.HardFault_Handler
                0x08000694        0x8 ./Core/Src/stm32f4xx_it.o
                0x08000694                HardFault_Handler
 .text.MemManage_Handler
                0x0800069c        0x8 ./Core/Src/stm32f4xx_it.o
                0x0800069c                MemManage_Handler
 .text.BusFault_Handler
                0x080006a4        0x8 ./Core/Src/stm32f4xx_it.o
                0x080006a4                BusFault_Handler
 .text.UsageFault_Handler
                0x080006ac        0x8 ./Core/Src/stm32f4xx_it.o
                0x080006ac                UsageFault_Handler
 .text.SVC_Handler
                0x080006b4        0xe ./Core/Src/stm32f4xx_it.o
                0x080006b4                SVC_Handler
 .text.DebugMon_Handler
                0x080006c2        0xe ./Core/Src/stm32f4xx_it.o
                0x080006c2                DebugMon_Handler
 .text.PendSV_Handler
                0x080006d0        0xe ./Core/Src/stm32f4xx_it.o
                0x080006d0                PendSV_Handler
 .text.SysTick_Handler
                0x080006de        0xc ./Core/Src/stm32f4xx_it.o
                0x080006de                SysTick_Handler
 *fill*         0x080006ea        0x2 
 .text.OTG_FS_IRQHandler
                0x080006ec       0x14 ./Core/Src/stm32f4xx_it.o
                0x080006ec                OTG_FS_IRQHandler
 .text.SystemInit
                0x08000700       0x24 ./Core/Src/system_stm32f4xx.o
                0x08000700                SystemInit
 .text.Reset_Handler
                0x08000724       0x50 ./Core/Startup/startup_stm32f407vgtx.o
                0x08000724                Reset_Handler
 .text.Default_Handler
                0x08000774        0x2 ./Core/Startup/startup_stm32f407vgtx.o
                0x08000774                RTC_Alarm_IRQHandler
                0x08000774                HASH_RNG_IRQHandler
                0x08000774                EXTI2_IRQHandler
                0x08000774                TIM8_CC_IRQHandler
                0x08000774                TIM1_CC_IRQHandler
                0x08000774                DMA2_Stream5_IRQHandler
                0x08000774                DMA1_Stream5_IRQHandler
                0x08000774                PVD_IRQHandler
                0x08000774                SDIO_IRQHandler
                0x08000774                TAMP_STAMP_IRQHandler
                0x08000774                CAN2_RX1_IRQHandler
                0x08000774                EXTI3_IRQHandler
                0x08000774                TIM8_TRG_COM_TIM14_IRQHandler
                0x08000774                TIM1_UP_TIM10_IRQHandler
                0x08000774                TIM8_UP_TIM13_IRQHandler
                0x08000774                I2C3_ER_IRQHandler
                0x08000774                EXTI0_IRQHandler
                0x08000774                I2C2_EV_IRQHandler
                0x08000774                DMA1_Stream2_IRQHandler
                0x08000774                CAN1_RX0_IRQHandler
                0x08000774                FPU_IRQHandler
                0x08000774                OTG_HS_WKUP_IRQHandler
                0x08000774                CAN2_SCE_IRQHandler
                0x08000774                DMA2_Stream2_IRQHandler
                0x08000774                SPI1_IRQHandler
                0x08000774                TIM6_DAC_IRQHandler
                0x08000774                TIM1_BRK_TIM9_IRQHandler
                0x08000774                DCMI_IRQHandler
                0x08000774                CAN2_RX0_IRQHandler
                0x08000774                DMA2_Stream3_IRQHandler
                0x08000774                USART6_IRQHandler
                0x08000774                USART3_IRQHandler
                0x08000774                CAN1_RX1_IRQHandler
                0x08000774                UART5_IRQHandler
                0x08000774                DMA2_Stream0_IRQHandler
                0x08000774                TIM4_IRQHandler
                0x08000774                I2C1_EV_IRQHandler
                0x08000774                DMA1_Stream6_IRQHandler
                0x08000774                DMA1_Stream1_IRQHandler
                0x08000774                UART4_IRQHandler
                0x08000774                TIM3_IRQHandler
                0x08000774                RCC_IRQHandler
                0x08000774                TIM8_BRK_TIM12_IRQHandler
                0x08000774                Default_Handler
                0x08000774                EXTI15_10_IRQHandler
                0x08000774                ADC_IRQHandler
                0x08000774                DMA1_Stream7_IRQHandler
                0x08000774                TIM7_IRQHandler
                0x08000774                CAN2_TX_IRQHandler
                0x08000774                TIM5_IRQHandler
                0x08000774                DMA2_Stream7_IRQHandler
                0x08000774                I2C3_EV_IRQHandler
                0x08000774                EXTI9_5_IRQHandler
                0x08000774                RTC_WKUP_IRQHandler
                0x08000774                ETH_WKUP_IRQHandler
                0x08000774                SPI2_IRQHandler
                0x08000774                OTG_HS_EP1_IN_IRQHandler
                0x08000774                DMA1_Stream0_IRQHandler
                0x08000774                CAN1_TX_IRQHandler
                0x08000774                EXTI4_IRQHandler
                0x08000774                FSMC_IRQHandler
                0x08000774                ETH_IRQHandler
                0x08000774                OTG_HS_EP1_OUT_IRQHandler
                0x08000774                WWDG_IRQHandler
                0x08000774                TIM2_IRQHandler
                0x08000774                OTG_FS_WKUP_IRQHandler
                0x08000774                TIM1_TRG_COM_TIM11_IRQHandler
                0x08000774                OTG_HS_IRQHandler
                0x08000774                EXTI1_IRQHandler
                0x08000774                USART2_IRQHandler
                0x08000774                I2C2_ER_IRQHandler
                0x08000774                DMA2_Stream1_IRQHandler
                0x08000774                CAN1_SCE_IRQHandler
                0x08000774                FLASH_IRQHandler
                0x08000774                DMA2_Stream4_IRQHandler
                0x08000774                USART1_IRQHandler
                0x08000774                SPI3_IRQHandler
                0x08000774                DMA1_Stream4_IRQHandler
                0x08000774                I2C1_ER_IRQHandler
                0x08000774                DMA2_Stream6_IRQHandler
                0x08000774                DMA1_Stream3_IRQHandler
 *fill*         0x08000776        0x2 
 .text.HAL_Init
                0x08000778       0x44 ./Drivers/STM32F4xx_HAL_Driver/Src/stm32f4xx_hal.o
                0x08000778                HAL_Init
 .text.HAL_InitTick
                0x080007bc       0x60 ./Drivers/STM32F4xx_HAL_Driver/Src/stm32f4xx_hal.o
                0x080007bc                HAL_InitTick
 .text.HAL_IncTick
                0x0800081c       0x28 ./Drivers/STM32F4xx_HAL_Driver/Src/stm32f4xx_hal.o
                0x0800081c                HAL_IncTick
 .text.HAL_GetTick
                0x08000844       0x18 ./Drivers/STM32F4xx_HAL_Driver/Src/stm32f4xx_hal.o
                0x08000844                HAL_GetTick
 .text.HAL_Delay
                0x0800085c       0x48 ./Drivers/STM32F4xx_HAL_Driver/Src/stm32f4xx_hal.o
                0x0800085c                HAL_Delay
 .text.__NVIC_SetPriorityGrouping
                0x080008a4       0x48 ./Drivers/STM32F4xx_HAL_Driver/Src/stm32f4xx_hal_cortex.o
 .text.__NVIC_GetPriorityGrouping
                0x080008ec       0x1c ./Drivers/STM32F4xx_HAL_Driver/Src/stm32f4xx_hal_cortex.o
 .text.__NVIC_EnableIRQ
                0x08000908       0x3c ./Drivers/STM32F4xx_HAL_Driver/Src/stm32f4xx_hal_cortex.o
 .text.__NVIC_SetPriority
                0x08000944       0x54 ./Drivers/STM32F4xx_HAL_Driver/Src/stm32f4xx_hal_cortex.o
 .text.NVIC_EncodePriority
                0x08000998       0x66 ./Drivers/STM32F4xx_HAL_Driver/Src/stm32f4xx_hal_cortex.o
 *fill*         0x080009fe        0x2 
 .text.SysTick_Config
                0x08000a00       0x44 ./Drivers/STM32F4xx_HAL_Driver/Src/stm32f4xx_hal_cortex.o
 .text.HAL_NVIC_SetPriorityGrouping
                0x08000a44       0x16 ./Drivers/STM32F4xx_HAL_Driver/Src/stm32f4xx_hal_cortex.o
                0x08000a44                HAL_NVIC_SetPriorityGrouping
 .text.HAL_NVIC_SetPriority
                0x08000a5a       0x38 ./Drivers/STM32F4xx_HAL_Driver/Src/stm32f4xx_hal_cortex.o
                0x08000a5a                HAL_NVIC_SetPriority
 .text.HAL_NVIC_EnableIRQ
                0x08000a92       0x1c ./Drivers/STM32F4xx_HAL_Driver/Src/stm32f4xx_hal_cortex.o
                0x08000a92                HAL_NVIC_EnableIRQ
 .text.HAL_SYSTICK_Config
                0x08000aae       0x18 ./Drivers/STM32F4xx_HAL_Driver/Src/stm32f4xx_hal_cortex.o
                0x08000aae                HAL_SYSTICK_Config
 *fill*         0x08000ac6        0x2 
 .text.HAL_GPIO_Init
                0x08000ac8      0x338 ./Drivers/STM32F4xx_HAL_Driver/Src/stm32f4xx_hal_gpio.o
                0x08000ac8                HAL_GPIO_Init
 .text.HAL_PCD_Init
                0x08000e00      0x21e ./Drivers/STM32F4xx_HAL_Driver/Src/stm32f4xx_hal_pcd.o
                0x08000e00                HAL_PCD_Init
 .text.HAL_PCD_Start
                0x0800101e       0x6a ./Drivers/STM32F4xx_HAL_Driver/Src/stm32f4xx_hal_pcd.o
                0x0800101e                HAL_PCD_Start
 .text.HAL_PCD_IRQHandler
                0x08001088      0x942 ./Drivers/STM32F4xx_HAL_Driver/Src/stm32f4xx_hal_pcd.o
                0x08001088                HAL_PCD_IRQHandler
 .text.HAL_PCD_SetAddress
                0x080019ca       0x48 ./Drivers/STM32F4xx_HAL_Driver/Src/stm32f4xx_hal_pcd.o
                0x080019ca                HAL_PCD_SetAddress
 .text.HAL_PCD_EP_Open
                0x08001a12       0xd4 ./Drivers/STM32F4xx_HAL_Driver/Src/stm32f4xx_hal_pcd.o
                0x08001a12                HAL_PCD_EP_Open
 .text.HAL_PCD_EP_Close
                0x08001ae6       0x94 ./Drivers/STM32F4xx_HAL_Driver/Src/stm32f4xx_hal_pcd.o
                0x08001ae6                HAL_PCD_EP_Close
 .text.HAL_PCD_EP_Receive
                0x08001b7a       0x76 ./Drivers/STM32F4xx_HAL_Driver/Src/stm32f4xx_hal_pcd.o
                0x08001b7a                HAL_PCD_EP_Receive
 .text.HAL_PCD_EP_GetRxCount
                0x08001bf0       0x30 ./Drivers/STM32F4xx_HAL_Driver/Src/stm32f4xx_hal_pcd.o
                0x08001bf0                HAL_PCD_EP_GetRxCount
 .text.HAL_PCD_EP_Transmit
                0x08001c20       0x74 ./Drivers/STM32F4xx_HAL_Driver/Src/stm32f4xx_hal_pcd.o
                0x08001c20                HAL_PCD_EP_Transmit
 .text.HAL_PCD_EP_SetStall
                0x08001c94       0xc6 ./Drivers/STM32F4xx_HAL_Driver/Src/stm32f4xx_hal_pcd.o
                0x08001c94                HAL_PCD_EP_SetStall
 .text.HAL_PCD_EP_ClrStall
                0x08001d5a       0xac ./Drivers/STM32F4xx_HAL_Driver/Src/stm32f4xx_hal_pcd.o
                0x08001d5a                HAL_PCD_EP_ClrStall
 .text.HAL_PCD_EP_Abort
                0x08001e06       0x62 ./Drivers/STM32F4xx_HAL_Driver/Src/stm32f4xx_hal_pcd.o
                0x08001e06                HAL_PCD_EP_Abort
 .text.HAL_PCD_EP_Flush
                0x08001e68       0x5a ./Drivers/STM32F4xx_HAL_Driver/Src/stm32f4xx_hal_pcd.o
                0x08001e68                HAL_PCD_EP_Flush
 .text.PCD_WriteEmptyTxFifo
                0x08001ec2      0x118 ./Drivers/STM32F4xx_HAL_Driver/Src/stm32f4xx_hal_pcd.o
 *fill*         0x08001fda        0x2 
 .text.PCD_EP_OutXfrComplete_int
                0x08001fdc      0x1d0 ./Drivers/STM32F4xx_HAL_Driver/Src/stm32f4xx_hal_pcd.o
 .text.PCD_EP_OutSetupPacket_int
                0x080021ac       0x8c ./Drivers/STM32F4xx_HAL_Driver/Src/stm32f4xx_hal_pcd.o
 .text.HAL_PCDEx_SetTxFiFo
                0x08002238       0x8e ./Drivers/STM32F4xx_HAL_Driver/Src/stm32f4xx_hal_pcd_ex.o
                0x08002238                HAL_PCDEx_SetTxFiFo
 .text.HAL_PCDEx_SetRxFiFo
                0x080022c6       0x22 ./Drivers/STM32F4xx_HAL_Driver/Src/stm32f4xx_hal_pcd_ex.o
                0x080022c6                HAL_PCDEx_SetRxFiFo
 .text.HAL_PCDEx_LPM_Callback
                0x080022e8       0x18 ./Drivers/STM32F4xx_HAL_Driver/Src/stm32f4xx_hal_pcd_ex.o
                0x080022e8                HAL_PCDEx_LPM_Callback
 .text.HAL_RCC_OscConfig
                0x08002300      0x4f0 ./Drivers/STM32F4xx_HAL_Driver/Src/stm32f4xx_hal_rcc.o
                0x08002300                HAL_RCC_OscConfig
 .text.HAL_RCC_ClockConfig
                0x080027f0      0x1cc ./Drivers/STM32F4xx_HAL_Driver/Src/stm32f4xx_hal_rcc.o
                0x080027f0                HAL_RCC_ClockConfig
 .text.HAL_RCC_GetSysClockFreq
                0x080029bc      0x20c ./Drivers/STM32F4xx_HAL_Driver/Src/stm32f4xx_hal_rcc.o
                0x080029bc                HAL_RCC_GetSysClockFreq
 .text.HAL_RCC_GetHCLKFreq
                0x08002bc8       0x18 ./Drivers/STM32F4xx_HAL_Driver/Src/stm32f4xx_hal_rcc.o
                0x08002bc8                HAL_RCC_GetHCLKFreq
 .text.USB_CoreInit
                0x08002be0       0xc8 ./Drivers/STM32F4xx_HAL_Driver/Src/stm32f4xx_ll_usb.o
                0x08002be0                USB_CoreInit
 .text.USB_SetTurnaroundTime
                0x08002ca8      0x144 ./Drivers/STM32F4xx_HAL_Driver/Src/stm32f4xx_ll_usb.o
                0x08002ca8                USB_SetTurnaroundTime
 .text.USB_EnableGlobalInt
                0x08002dec       0x22 ./Drivers/STM32F4xx_HAL_Driver/Src/stm32f4xx_ll_usb.o
                0x08002dec                USB_EnableGlobalInt
 .text.USB_DisableGlobalInt
                0x08002e0e       0x22 ./Drivers/STM32F4xx_HAL_Driver/Src/stm32f4xx_ll_usb.o
                0x08002e0e                USB_DisableGlobalInt
 .text.USB_SetCurrentMode
                0x08002e30       0x98 ./Drivers/STM32F4xx_HAL_Driver/Src/stm32f4xx_ll_usb.o
                0x08002e30                USB_SetCurrentMode
 .text.USB_DevInit
                0x08002ec8      0x2c8 ./Drivers/STM32F4xx_HAL_Driver/Src/stm32f4xx_ll_usb.o
                0x08002ec8                USB_DevInit
 .text.USB_FlushTxFifo
                0x08003190       0x64 ./Drivers/STM32F4xx_HAL_Driver/Src/stm32f4xx_ll_usb.o
                0x08003190                USB_FlushTxFifo
 .text.USB_FlushRxFifo
                0x080031f4       0x5c ./Drivers/STM32F4xx_HAL_Driver/Src/stm32f4xx_ll_usb.o
                0x080031f4                USB_FlushRxFifo
 .text.USB_SetDevSpeed
                0x08003250       0x32 ./Drivers/STM32F4xx_HAL_Driver/Src/stm32f4xx_ll_usb.o
                0x08003250                USB_SetDevSpeed
 .text.USB_GetDevSpeed
                0x08003282       0x4a ./Drivers/STM32F4xx_HAL_Driver/Src/stm32f4xx_ll_usb.o
                0x08003282                USB_GetDevSpeed
 .text.USB_ActivateEndpoint
                0x080032cc      0x10e ./Drivers/STM32F4xx_HAL_Driver/Src/stm32f4xx_ll_usb.o
                0x080032cc                USB_ActivateEndpoint
 *fill*         0x080033da        0x2 
 .text.USB_DeactivateEndpoint
                0x080033dc      0x1b8 ./Drivers/STM32F4xx_HAL_Driver/Src/stm32f4xx_ll_usb.o
                0x080033dc                USB_DeactivateEndpoint
 .text.USB_EPStartXfer
                0x08003594      0x53c ./Drivers/STM32F4xx_HAL_Driver/Src/stm32f4xx_ll_usb.o
                0x08003594                USB_EPStartXfer
 .text.USB_EPStopXfer
                0x08003ad0      0x154 ./Drivers/STM32F4xx_HAL_Driver/Src/stm32f4xx_ll_usb.o
                0x08003ad0                USB_EPStopXfer
 .text.USB_WritePacket
                0x08003c24       0x7c ./Drivers/STM32F4xx_HAL_Driver/Src/stm32f4xx_ll_usb.o
                0x08003c24                USB_WritePacket
 .text.USB_ReadPacket
                0x08003ca0       0xb0 ./Drivers/STM32F4xx_HAL_Driver/Src/stm32f4xx_ll_usb.o
                0x08003ca0                USB_ReadPacket
 .text.USB_EPSetStall
                0x08003d50       0xdc ./Drivers/STM32F4xx_HAL_Driver/Src/stm32f4xx_ll_usb.o
                0x08003d50                USB_EPSetStall
 .text.USB_EPClearStall
                0x08003e2c       0xcc ./Drivers/STM32F4xx_HAL_Driver/Src/stm32f4xx_ll_usb.o
                0x08003e2c                USB_EPClearStall
 .text.USB_SetDevAddress
                0x08003ef8       0x4c ./Drivers/STM32F4xx_HAL_Driver/Src/stm32f4xx_ll_usb.o
                0x08003ef8                USB_SetDevAddress
 .text.USB_DevConnect
                0x08003f44       0x42 ./Drivers/STM32F4xx_HAL_Driver/Src/stm32f4xx_ll_usb.o
                0x08003f44                USB_DevConnect
 .text.USB_DevDisconnect
                0x08003f86       0x42 ./Drivers/STM32F4xx_HAL_Driver/Src/stm32f4xx_ll_usb.o
                0x08003f86                USB_DevDisconnect
 .text.USB_ReadInterrupts
                0x08003fc8       0x26 ./Drivers/STM32F4xx_HAL_Driver/Src/stm32f4xx_ll_usb.o
                0x08003fc8                USB_ReadInterrupts
 .text.USB_ReadDevAllOutEpInterrupt
                0x08003fee       0x34 ./Drivers/STM32F4xx_HAL_Driver/Src/stm32f4xx_ll_usb.o
                0x08003fee                USB_ReadDevAllOutEpInterrupt
 .text.USB_ReadDevAllInEpInterrupt
                0x08004022       0x34 ./Drivers/STM32F4xx_HAL_Driver/Src/stm32f4xx_ll_usb.o
                0x08004022                USB_ReadDevAllInEpInterrupt
 .text.USB_ReadDevOutEPInterrupt
                0x08004056       0x3c ./Drivers/STM32F4xx_HAL_Driver/Src/stm32f4xx_ll_usb.o
                0x08004056                USB_ReadDevOutEPInterrupt
 .text.USB_ReadDevInEPInterrupt
                0x08004092       0x5c ./Drivers/STM32F4xx_HAL_Driver/Src/stm32f4xx_ll_usb.o
                0x08004092                USB_ReadDevInEPInterrupt
 .text.USB_GetMode
                0x080040ee       0x1c ./Drivers/STM32F4xx_HAL_Driver/Src/stm32f4xx_ll_usb.o
                0x080040ee                USB_GetMode
 .text.USB_ActivateSetup
                0x0800410a       0x46 ./Drivers/STM32F4xx_HAL_Driver/Src/stm32f4xx_ll_usb.o
                0x0800410a                USB_ActivateSetup
 .text.USB_EP0_OutStart
                0x08004150       0xbc ./Drivers/STM32F4xx_HAL_Driver/Src/stm32f4xx_ll_usb.o
                0x08004150                USB_EP0_OutStart
 .text.USB_CoreReset
                0x0800420c       0x70 ./Drivers/STM32F4xx_HAL_Driver/Src/stm32f4xx_ll_usb.o
 .text.USBD_MSC_Init
                0x0800427c      0x120 ./Middlewares/ST/STM32_USB_Device_Library/Class/MSC/Src/usbd_msc.o
                0x0800427c                USBD_MSC_Init
 .text.USBD_MSC_DeInit
                0x0800439c       0xb0 ./Middlewares/ST/STM32_USB_Device_Library/Class/MSC/Src/usbd_msc.o
                0x0800439c                USBD_MSC_DeInit
 .text.USBD_MSC_Setup
                0x0800444c      0x200 ./Middlewares/ST/STM32_USB_Device_Library/Class/MSC/Src/usbd_msc.o
                0x0800444c                USBD_MSC_Setup
 .text.USBD_MSC_DataIn
                0x0800464c       0x20 ./Middlewares/ST/STM32_USB_Device_Library/Class/MSC/Src/usbd_msc.o
                0x0800464c                USBD_MSC_DataIn
 .text.USBD_MSC_DataOut
                0x0800466c       0x20 ./Middlewares/ST/STM32_USB_Device_Library/Class/MSC/Src/usbd_msc.o
                0x0800466c                USBD_MSC_DataOut
 .text.USBD_MSC_GetHSCfgDesc
                0x0800468c       0x58 ./Middlewares/ST/STM32_USB_Device_Library/Class/MSC/Src/usbd_msc.o
                0x0800468c                USBD_MSC_GetHSCfgDesc
 .text.USBD_MSC_GetFSCfgDesc
                0x080046e4       0x58 ./Middlewares/ST/STM32_USB_Device_Library/Class/MSC/Src/usbd_msc.o
                0x080046e4                USBD_MSC_GetFSCfgDesc
 .text.USBD_MSC_GetOtherSpeedCfgDesc
                0x0800473c       0x58 ./Middlewares/ST/STM32_USB_Device_Library/Class/MSC/Src/usbd_msc.o
                0x0800473c                USBD_MSC_GetOtherSpeedCfgDesc
 .text.USBD_MSC_GetDeviceQualifierDescriptor
                0x08004794       0x20 ./Middlewares/ST/STM32_USB_Device_Library/Class/MSC/Src/usbd_msc.o
                0x08004794                USBD_MSC_GetDeviceQualifierDescriptor
 .text.USBD_MSC_RegisterStorage
                0x080047b4       0x34 ./Middlewares/ST/STM32_USB_Device_Library/Class/MSC/Src/usbd_msc.o
                0x080047b4                USBD_MSC_RegisterStorage
 .text.MSC_BOT_Init
                0x080047e8       0x94 ./Middlewares/ST/STM32_USB_Device_Library/Class/MSC/Src/usbd_msc_bot.o
                0x080047e8                MSC_BOT_Init
 .text.MSC_BOT_Reset
                0x0800487c       0x68 ./Middlewares/ST/STM32_USB_Device_Library/Class/MSC/Src/usbd_msc_bot.o
                0x0800487c                MSC_BOT_Reset
 .text.MSC_BOT_DeInit
                0x080048e4       0x30 ./Middlewares/ST/STM32_USB_Device_Library/Class/MSC/Src/usbd_msc_bot.o
                0x080048e4                MSC_BOT_DeInit
 .text.MSC_BOT_DataIn
                0x08004914       0x74 ./Middlewares/ST/STM32_USB_Device_Library/Class/MSC/Src/usbd_msc_bot.o
                0x08004914                MSC_BOT_DataIn
 .text.MSC_BOT_DataOut
                0x08004988       0x68 ./Middlewares/ST/STM32_USB_Device_Library/Class/MSC/Src/usbd_msc_bot.o
                0x08004988                MSC_BOT_DataOut
 .text.MSC_BOT_CBW_Decode
                0x080049f0      0x12c ./Middlewares/ST/STM32_USB_Device_Library/Class/MSC/Src/usbd_msc_bot.o
 .text.MSC_BOT_SendData
                0x08004b1c       0x6c ./Middlewares/ST/STM32_USB_Device_Library/Class/MSC/Src/usbd_msc_bot.o
 .text.MSC_BOT_SendCSW
                0x08004b88       0x74 ./Middlewares/ST/STM32_USB_Device_Library/Class/MSC/Src/usbd_msc_bot.o
                0x08004b88                MSC_BOT_SendCSW
 .text.MSC_BOT_Abort
                0x08004bfc       0x84 ./Middlewares/ST/STM32_USB_Device_Library/Class/MSC/Src/usbd_msc_bot.o
 .text.MSC_BOT_CplClrFeature
                0x08004c80       0x74 ./Middlewares/ST/STM32_USB_Device_Library/Class/MSC/Src/usbd_msc_bot.o
                0x08004c80                MSC_BOT_CplClrFeature
 .text.SCSI_ProcessCmd
                0x08004cf4      0x354 ./Middlewares/ST/STM32_USB_Device_Library/Class/MSC/Src/usbd_msc_scsi.o
                0x08004cf4                SCSI_ProcessCmd
 .text.SCSI_TestUnitReady
                0x08005048       0xb2 ./Middlewares/ST/STM32_USB_Device_Library/Class/MSC/Src/usbd_msc_scsi.o
 *fill*         0x080050fa        0x2 
 .text.SCSI_Inquiry
                0x080050fc       0xf8 ./Middlewares/ST/STM32_USB_Device_Library/Class/MSC/Src/usbd_msc_scsi.o
 .text.SCSI_ReadCapacity10
                0x080051f4       0xf4 ./Middlewares/ST/STM32_USB_Device_Library/Class/MSC/Src/usbd_msc_scsi.o
 .text.SCSI_ReadCapacity16
                0x080052e8      0x160 ./Middlewares/ST/STM32_USB_Device_Library/Class/MSC/Src/usbd_msc_scsi.o
 .text.SCSI_ReadFormatCapacity
                0x08005448       0xf6 ./Middlewares/ST/STM32_USB_Device_Library/Class/MSC/Src/usbd_msc_scsi.o
 *fill*         0x0800553e        0x2 
 .text.SCSI_ModeSense6
                0x08005540       0xa0 ./Middlewares/ST/STM32_USB_Device_Library/Class/MSC/Src/usbd_msc_scsi.o
 .text.SCSI_ModeSense10
                0x080055e0       0x9c ./Middlewares/ST/STM32_USB_Device_Library/Class/MSC/Src/usbd_msc_scsi.o
 .text.SCSI_RequestSense
                0x0800567c      0x106 ./Middlewares/ST/STM32_USB_Device_Library/Class/MSC/Src/usbd_msc_scsi.o
 .text.SCSI_SenseCode
                0x08005782       0x96 ./Middlewares/ST/STM32_USB_Device_Library/Class/MSC/Src/usbd_msc_scsi.o
                0x08005782                SCSI_SenseCode
 .text.SCSI_StartStopUnit
                0x08005818       0xaa ./Middlewares/ST/STM32_USB_Device_Library/Class/MSC/Src/usbd_msc_scsi.o
 .text.SCSI_AllowPreventRemovable
                0x080058c2       0x5a ./Middlewares/ST/STM32_USB_Device_Library/Class/MSC/Src/usbd_msc_scsi.o
 .text.SCSI_Read10
                0x0800591c      0x154 ./Middlewares/ST/STM32_USB_Device_Library/Class/MSC/Src/usbd_msc_scsi.o
 .text.SCSI_Read12
                0x08005a70      0x16a ./Middlewares/ST/STM32_USB_Device_Library/Class/MSC/Src/usbd_msc_scsi.o
 *fill*         0x08005bda        0x2 
 .text.SCSI_Write10
                0x08005bdc      0x1b0 ./Middlewares/ST/STM32_USB_Device_Library/Class/MSC/Src/usbd_msc_scsi.o
 .text.SCSI_Write12
                0x08005d8c      0x1d0 ./Middlewares/ST/STM32_USB_Device_Library/Class/MSC/Src/usbd_msc_scsi.o
 .text.SCSI_Verify10
                0x08005f5c       0x84 ./Middlewares/ST/STM32_USB_Device_Library/Class/MSC/Src/usbd_msc_scsi.o
 .text.SCSI_ReportLuns
                0x08005fe0       0xa8 ./Middlewares/ST/STM32_USB_Device_Library/Class/MSC/Src/usbd_msc_scsi.o
 .text.SCSI_ReceiveDiagnosticResults
                0x08006088       0x68 ./Middlewares/ST/STM32_USB_Device_Library/Class/MSC/Src/usbd_msc_scsi.o
 .text.SCSI_CheckAddressRange
                0x080060f0       0x64 ./Middlewares/ST/STM32_USB_Device_Library/Class/MSC/Src/usbd_msc_scsi.o
 .text.SCSI_ProcessRead
                0x08006154      0x104 ./Middlewares/ST/STM32_USB_Device_Library/Class/MSC/Src/usbd_msc_scsi.o
 .text.SCSI_ProcessWrite
                0x08006258      0x120 ./Middlewares/ST/STM32_USB_Device_Library/Class/MSC/Src/usbd_msc_scsi.o
 .text.SCSI_UpdateBotData
                0x08006378       0x52 ./Middlewares/ST/STM32_USB_Device_Library/Class/MSC/Src/usbd_msc_scsi.o
 .text.USBD_Init
                0x080063ca       0x60 ./Middlewares/ST/STM32_USB_Device_Library/Core/Src/usbd_core.o
                0x080063ca                USBD_Init
 .text.USBD_RegisterClass
                0x0800642a       0x6c ./Middlewares/ST/STM32_USB_Device_Library/Core/Src/usbd_core.o
                0x0800642a                USBD_RegisterClass
 .text.USBD_Start
                0x08006496       0x18 ./Middlewares/ST/STM32_USB_Device_Library/Core/Src/usbd_core.o
                0x08006496                USBD_Start
 .text.USBD_RunTestMode
                0x080064ae       0x16 ./Middlewares/ST/STM32_USB_Device_Library/Core/Src/usbd_core.o
                0x080064ae                USBD_RunTestMode
 .text.USBD_SetClassConfig
                0x080064c4       0x38 ./Middlewares/ST/STM32_USB_Device_Library/Core/Src/usbd_core.o
                0x080064c4                USBD_SetClassConfig
 .text.USBD_ClrClassConfig
                0x080064fc       0x34 ./Middlewares/ST/STM32_USB_Device_Library/Core/Src/usbd_core.o
                0x080064fc                USBD_ClrClassConfig
 .text.USBD_LL_SetupStage
                0x08006530       0xaa ./Middlewares/ST/STM32_USB_Device_Library/Core/Src/usbd_core.o
                0x08006530                USBD_LL_SetupStage
 .text.USBD_LL_DataOutStage
                0x080065da      0x178 ./Middlewares/ST/STM32_USB_Device_Library/Core/Src/usbd_core.o
                0x080065da                USBD_LL_DataOutStage
 .text.USBD_LL_DataInStage
                0x08006752      0x176 ./Middlewares/ST/STM32_USB_Device_Library/Core/Src/usbd_core.o
                0x08006752                USBD_LL_DataInStage
 .text.USBD_LL_Reset
                0x080068c8       0xa6 ./Middlewares/ST/STM32_USB_Device_Library/Core/Src/usbd_core.o
                0x080068c8                USBD_LL_Reset
 .text.USBD_LL_SetSpeed
                0x0800696e       0x20 ./Middlewares/ST/STM32_USB_Device_Library/Core/Src/usbd_core.o
                0x0800696e                USBD_LL_SetSpeed
 .text.USBD_LL_Suspend
                0x0800698e       0x38 ./Middlewares/ST/STM32_USB_Device_Library/Core/Src/usbd_core.o
                0x0800698e                USBD_LL_Suspend
 .text.USBD_LL_Resume
                0x080069c6       0x30 ./Middlewares/ST/STM32_USB_Device_Library/Core/Src/usbd_core.o
                0x080069c6                USBD_LL_Resume
 .text.USBD_LL_SOF
                0x080069f6       0x40 ./Middlewares/ST/STM32_USB_Device_Library/Core/Src/usbd_core.o
                0x080069f6                USBD_LL_SOF
 .text.USBD_LL_IsoINIncomplete
                0x08006a36       0x64 ./Middlewares/ST/STM32_USB_Device_Library/Core/Src/usbd_core.o
                0x08006a36                USBD_LL_IsoINIncomplete
 .text.USBD_LL_IsoOUTIncomplete
                0x08006a9a       0x64 ./Middlewares/ST/STM32_USB_Device_Library/Core/Src/usbd_core.o
                0x08006a9a                USBD_LL_IsoOUTIncomplete
 .text.USBD_LL_DevConnected
                0x08006afe       0x16 ./Middlewares/ST/STM32_USB_Device_Library/Core/Src/usbd_core.o
                0x08006afe                USBD_LL_DevConnected
 .text.USBD_LL_DevDisconnected
                0x08006b14       0x46 ./Middlewares/ST/STM32_USB_Device_Library/Core/Src/usbd_core.o
                0x08006b14                USBD_LL_DevDisconnected
 .text.USBD_CoreFindIF
                0x08006b5a       0x1a ./Middlewares/ST/STM32_USB_Device_Library/Core/Src/usbd_core.o
                0x08006b5a                USBD_CoreFindIF
 .text.USBD_CoreFindEP
                0x08006b74       0x1a ./Middlewares/ST/STM32_USB_Device_Library/Core/Src/usbd_core.o
                0x08006b74                USBD_CoreFindEP
 .text.USBD_GetEpDesc
                0x08006b8e       0x70 ./Middlewares/ST/STM32_USB_Device_Library/Core/Src/usbd_core.o
                0x08006b8e                USBD_GetEpDesc
 .text.USBD_GetNextDesc
                0x08006bfe       0x38 ./Middlewares/ST/STM32_USB_Device_Library/Core/Src/usbd_core.o
                0x08006bfe                USBD_GetNextDesc
 .text.SWAPBYTE
                0x08006c36       0x3e ./Middlewares/ST/STM32_USB_Device_Library/Core/Src/usbd_ctlreq.o
 .text.USBD_StdDevReq
                0x08006c74       0xe4 ./Middlewares/ST/STM32_USB_Device_Library/Core/Src/usbd_ctlreq.o
                0x08006c74                USBD_StdDevReq
 .text.USBD_StdItfReq
                0x08006d58       0xd8 ./Middlewares/ST/STM32_USB_Device_Library/Core/Src/usbd_ctlreq.o
                0x08006d58                USBD_StdItfReq
 .text.USBD_StdEPReq
                0x08006e30      0x33e ./Middlewares/ST/STM32_USB_Device_Library/Core/Src/usbd_ctlreq.o
                0x08006e30                USBD_StdEPReq
 *fill*         0x0800716e        0x2 
 .text.USBD_GetDescriptor
                0x08007170      0x2d4 ./Middlewares/ST/STM32_USB_Device_Library/Core/Src/usbd_ctlreq.o
 .text.USBD_SetAddress
                0x08007444       0x88 ./Middlewares/ST/STM32_USB_Device_Library/Core/Src/usbd_ctlreq.o
 .text.USBD_SetConfig
                0x080074cc      0x154 ./Middlewares/ST/STM32_USB_Device_Library/Core/Src/usbd_ctlreq.o
 .text.USBD_GetConfig
                0x08007620       0x6c ./Middlewares/ST/STM32_USB_Device_Library/Core/Src/usbd_ctlreq.o
 .text.USBD_GetStatus
                0x0800768c       0x68 ./Middlewares/ST/STM32_USB_Device_Library/Core/Src/usbd_ctlreq.o
 .text.USBD_SetFeature
                0x080076f4       0x52 ./Middlewares/ST/STM32_USB_Device_Library/Core/Src/usbd_ctlreq.o
 .text.USBD_ClrFeature
                0x08007746       0x44 ./Middlewares/ST/STM32_USB_Device_Library/Core/Src/usbd_ctlreq.o
 .text.USBD_ParseSetupRequest
                0x0800778a       0x74 ./Middlewares/ST/STM32_USB_Device_Library/Core/Src/usbd_ctlreq.o
                0x0800778a                USBD_ParseSetupRequest
 .text.USBD_CtlError
                0x080077fe       0x22 ./Middlewares/ST/STM32_USB_Device_Library/Core/Src/usbd_ctlreq.o
                0x080077fe                USBD_CtlError
 .text.USBD_GetString
                0x08007820       0xa4 ./Middlewares/ST/STM32_USB_Device_Library/Core/Src/usbd_ctlreq.o
                0x08007820                USBD_GetString
 .text.USBD_GetLen
                0x080078c4       0x34 ./Middlewares/ST/STM32_USB_Device_Library/Core/Src/usbd_ctlreq.o
 .text.USBD_CtlSendData
                0x080078f8       0x3c ./Middlewares/ST/STM32_USB_Device_Library/Core/Src/usbd_ioreq.o
                0x080078f8                USBD_CtlSendData
 .text.USBD_CtlContinueSendData
                0x08007934       0x22 ./Middlewares/ST/STM32_USB_Device_Library/Core/Src/usbd_ioreq.o
                0x08007934                USBD_CtlContinueSendData
 .text.USBD_CtlContinueRx
                0x08007956       0x22 ./Middlewares/ST/STM32_USB_Device_Library/Core/Src/usbd_ioreq.o
                0x08007956                USBD_CtlContinueRx
 .text.USBD_CtlSendStatus
                0x08007978       0x26 ./Middlewares/ST/STM32_USB_Device_Library/Core/Src/usbd_ioreq.o
                0x08007978                USBD_CtlSendStatus
 .text.USBD_CtlReceiveStatus
                0x0800799e       0x26 ./Middlewares/ST/STM32_USB_Device_Library/Core/Src/usbd_ioreq.o
                0x0800799e                USBD_CtlReceiveStatus
 .text.MX_USB_DEVICE_Init
                0x080079c4       0x60 ./USB_DEVICE/App/usb_device.o
                0x080079c4                MX_USB_DEVICE_Init
 .text.USBD_FS_DeviceDescriptor
                0x08007a24       0x24 ./USB_DEVICE/App/usbd_desc.o
                0x08007a24                USBD_FS_DeviceDescriptor
 .text.USBD_FS_LangIDStrDescriptor
                0x08007a48       0x24 ./USB_DEVICE/App/usbd_desc.o
                0x08007a48                USBD_FS_LangIDStrDescriptor
 .text.USBD_FS_ProductStrDescriptor
                0x08007a6c       0x3c ./USB_DEVICE/App/usbd_desc.o
                0x08007a6c                USBD_FS_ProductStrDescriptor
 .text.USBD_FS_ManufacturerStrDescriptor
                0x08007aa8       0x28 ./USB_DEVICE/App/usbd_desc.o
                0x08007aa8                USBD_FS_ManufacturerStrDescriptor
 .text.USBD_FS_SerialStrDescriptor
                0x08007ad0       0x24 ./USB_DEVICE/App/usbd_desc.o
                0x08007ad0                USBD_FS_SerialStrDescriptor
 .text.USBD_FS_ConfigStrDescriptor
                0x08007af4       0x3c ./USB_DEVICE/App/usbd_desc.o
                0x08007af4                USBD_FS_ConfigStrDescriptor
 .text.USBD_FS_InterfaceStrDescriptor
                0x08007b30       0x3c ./USB_DEVICE/App/usbd_desc.o
                0x08007b30                USBD_FS_InterfaceStrDescriptor
 .text.Get_SerialNum
                0x08007b6c       0x58 ./USB_DEVICE/App/usbd_desc.o
 .text.IntToUnicode
                0x08007bc4       0x7e ./USB_DEVICE/App/usbd_desc.o
 .text.STORAGE_Init_FS
                0x08007c42       0x18 ./USB_DEVICE/App/usbd_storage_if.o
 .text.STORAGE_GetCapacity_FS
                0x08007c5a       0x2a ./USB_DEVICE/App/usbd_storage_if.o
 .text.STORAGE_IsReady_FS
                0x08007c84       0x18 ./USB_DEVICE/App/usbd_storage_if.o
 .text.STORAGE_IsWriteProtected_FS
                0x08007c9c       0x18 ./USB_DEVICE/App/usbd_storage_if.o
 .text.STORAGE_Read_FS
                0x08007cb4       0x38 ./USB_DEVICE/App/usbd_storage_if.o
 .text.STORAGE_Write_FS
                0x08007cec       0x38 ./USB_DEVICE/App/usbd_storage_if.o
 .text.STORAGE_GetMaxLun_FS
                0x08007d24       0x10 ./USB_DEVICE/App/usbd_storage_if.o
 .text.HAL_PCD_MspInit
                0x08007d34       0xa8 ./USB_DEVICE/Target/usbd_conf.o
                0x08007d34                HAL_PCD_MspInit
 .text.HAL_PCD_SetupStageCallback
                0x08007ddc       0x24 ./USB_DEVICE/Target/usbd_conf.o
                0x08007ddc                HAL_PCD_SetupStageCallback
 .text.HAL_PCD_DataOutStageCallback
                0x08007e00       0x36 ./USB_DEVICE/Target/usbd_conf.o
                0x08007e00                HAL_PCD_DataOutStageCallback
 .text.HAL_PCD_DataInStageCallback
                0x08007e36       0x34 ./USB_DEVICE/Target/usbd_conf.o
                0x08007e36                HAL_PCD_DataInStageCallback
 .text.HAL_PCD_SOFCallback
                0x08007e6a       0x1c ./USB_DEVICE/Target/usbd_conf.o
                0x08007e6a                HAL_PCD_SOFCallback
 .text.HAL_PCD_ResetCallback
                0x08007e86       0x50 ./USB_DEVICE/Target/usbd_conf.o
                0x08007e86                HAL_PCD_ResetCallback
 *fill*         0x08007ed6        0x2 
 .text.HAL_PCD_SuspendCallback
                0x08007ed8       0x4c ./USB_DEVICE/Target/usbd_conf.o
                0x08007ed8                HAL_PCD_SuspendCallback
 .text.HAL_PCD_ResumeCallback
                0x08007f24       0x1c ./USB_DEVICE/Target/usbd_conf.o
                0x08007f24                HAL_PCD_ResumeCallback
 .text.HAL_PCD_ISOOUTIncompleteCallback
                0x08007f40       0x24 ./USB_DEVICE/Target/usbd_conf.o
                0x08007f40                HAL_PCD_ISOOUTIncompleteCallback
 .text.HAL_PCD_ISOINIncompleteCallback
                0x08007f64       0x24 ./USB_DEVICE/Target/usbd_conf.o
                0x08007f64                HAL_PCD_ISOINIncompleteCallback
 .text.HAL_PCD_ConnectCallback
                0x08007f88       0x1c ./USB_DEVICE/Target/usbd_conf.o
                0x08007f88                HAL_PCD_ConnectCallback
 .text.HAL_PCD_DisconnectCallback
                0x08007fa4       0x1c ./USB_DEVICE/Target/usbd_conf.o
                0x08007fa4                HAL_PCD_DisconnectCallback
 .text.USBD_LL_Init
                0x08007fc0       0x98 ./USB_DEVICE/Target/usbd_conf.o
                0x08007fc0                USBD_LL_Init
 .text.USBD_LL_Start
                0x08008058       0x36 ./USB_DEVICE/Target/usbd_conf.o
                0x08008058                USBD_LL_Start
 .text.USBD_LL_OpenEP
                0x0800808e       0x4c ./USB_DEVICE/Target/usbd_conf.o
                0x0800808e                USBD_LL_OpenEP
 .text.USBD_LL_CloseEP
                0x080080da       0x3e ./USB_DEVICE/Target/usbd_conf.o
                0x080080da                USBD_LL_CloseEP
 .text.USBD_LL_FlushEP
                0x08008118       0x3e ./USB_DEVICE/Target/usbd_conf.o
                0x08008118                USBD_LL_FlushEP
 .text.USBD_LL_StallEP
                0x08008156       0x3e ./USB_DEVICE/Target/usbd_conf.o
                0x08008156                USBD_LL_StallEP
 .text.USBD_LL_ClearStallEP
                0x08008194       0x3e ./USB_DEVICE/Target/usbd_conf.o
                0x08008194                USBD_LL_ClearStallEP
 .text.USBD_LL_IsStallEP
                0x080081d2       0x58 ./USB_DEVICE/Target/usbd_conf.o
                0x080081d2                USBD_LL_IsStallEP
 .text.USBD_LL_SetUSBAddress
                0x0800822a       0x3e ./USB_DEVICE/Target/usbd_conf.o
                0x0800822a                USBD_LL_SetUSBAddress
 .text.USBD_LL_Transmit
                0x08008268       0x42 ./USB_DEVICE/Target/usbd_conf.o
                0x08008268                USBD_LL_Transmit
 .text.USBD_LL_PrepareReceive
                0x080082aa       0x42 ./USB_DEVICE/Target/usbd_conf.o
                0x080082aa                USBD_LL_PrepareReceive
 .text.USBD_LL_GetRxDataSize
                0x080082ec       0x26 ./USB_DEVICE/Target/usbd_conf.o
                0x080082ec                USBD_LL_GetRxDataSize
 *fill*         0x08008312        0x2 
 .text.USBD_static_malloc
                0x08008314       0x1c ./USB_DEVICE/Target/usbd_conf.o
                0x08008314                USBD_static_malloc
 .text.USBD_static_free
                0x08008330       0x14 ./USB_DEVICE/Target/usbd_conf.o
                0x08008330                USBD_static_free
 .text.USBD_Get_USB_Status
                0x08008344       0x58 ./USB_DEVICE/Target/usbd_conf.o
                0x08008344                USBD_Get_USB_Status
 .text.memset   0x0800839c       0x10 C:/ST/STM32CubeIDE_2.1.1/STM32CubeIDE/plugins/com.st.stm32cube.ide.mcu.externaltools.gnu-tools-for-stm32.14.3.rel1.win32_1.0.100.202602081740/tools/bin/../lib/gcc/arm-none-eabi/14.3.1/../../../../arm-none-eabi/lib/thumb/v7e-m+fp/hard\libc_nano.a(libc_a-memset.o)
                0x0800839c                memset
 .text.__libc_init_array
                0x080083ac       0x48 C:/ST/STM32CubeIDE_2.1.1/STM32CubeIDE/plugins/com.st.stm32cube.ide.mcu.externaltools.gnu-tools-for-stm32.14.3.rel1.win32_1.0.100.202602081740/tools/bin/../lib/gcc/arm-none-eabi/14.3.1/../../../../arm-none-eabi/lib/thumb/v7e-m+fp/hard\libc_nano.a(libc_a-init.o)
                0x080083ac                __libc_init_array
 .text.memcpy   0x080083f4       0x1c C:/ST/STM32CubeIDE_2.1.1/STM32CubeIDE/plugins/com.st.stm32cube.ide.mcu.externaltools.gnu-tools-for-stm32.14.3.rel1.win32_1.0.100.202602081740/tools/bin/../lib/gcc/arm-none-eabi/14.3.1/../../../../arm-none-eabi/lib/thumb/v7e-m+fp/hard\libc_nano.a(libc_a-memcpy-stub.o)
                0x080083f4                memcpy
 *(.glue_7)
 .glue_7        0x08008410        0x0 linker stubs
 *(.glue_7t)
 .glue_7t       0x08008410        0x0 linker stubs
 *(.eh_frame)
 .eh_frame      0x08008410        0x0 C:/ST/STM32CubeIDE_2.1.1/STM32CubeIDE/plugins/com.st.stm32cube.ide.mcu.externaltools.gnu-tools-for-stm32.14.3.rel1.win32_1.0.100.202602081740/tools/bin/../lib/gcc/arm-none-eabi/14.3.1/thumb/v7e-m+fp/hard/crtbegin.o
 *(.init)
 .init          0x08008410        0x4 C:/ST/STM32CubeIDE_2.1.1/STM32CubeIDE/plugins/com.st.stm32cube.ide.mcu.externaltools.gnu-tools-for-stm32.14.3.rel1.win32_1.0.100.202602081740/tools/bin/../lib/gcc/arm-none-eabi/14.3.1/thumb/v7e-m+fp/hard/crti.o
                0x08008410                _init
 .init          0x08008414        0x8 C:/ST/STM32CubeIDE_2.1.1/STM32CubeIDE/plugins/com.st.stm32cube.ide.mcu.externaltools.gnu-tools-for-stm32.14.3.rel1.win32_1.0.100.202602081740/tools/bin/../lib/gcc/arm-none-eabi/14.3.1/thumb/v7e-m+fp/hard/crtn.o
 *(.fini)
 .fini          0x0800841c        0x4 C:/ST/STM32CubeIDE_2.1.1/STM32CubeIDE/plugins/com.st.stm32cube.ide.mcu.externaltools.gnu-tools-for-stm32.14.3.rel1.win32_1.0.100.202602081740/tools/bin/../lib/gcc/arm-none-eabi/14.3.1/thumb/v7e-m+fp/hard/crti.o
                0x0800841c                _fini
 .fini          0x08008420        0x8 C:/ST/STM32CubeIDE_2.1.1/STM32CubeIDE/plugins/com.st.stm32cube.ide.mcu.externaltools.gnu-tools-for-stm32.14.3.rel1.win32_1.0.100.202602081740/tools/bin/../lib/gcc/arm-none-eabi/14.3.1/thumb/v7e-m+fp/hard/crtn.o
                0x08008428                        . = ALIGN (0x4)
                0x08008428                        _etext = .

.vfp11_veneer   0x08008428        0x0
 .vfp11_veneer  0x08008428        0x0 linker stubs

.v4_bx          0x08008428        0x0
 .v4_bx         0x08008428        0x0 linker stubs

.iplt           0x08008428        0x0
 .iplt          0x08008428        0x0 C:/ST/STM32CubeIDE_2.1.1/STM32CubeIDE/plugins/com.st.stm32cube.ide.mcu.externaltools.gnu-tools-for-stm32.14.3.rel1.win32_1.0.100.202602081740/tools/bin/../lib/gcc/arm-none-eabi/14.3.1/thumb/v7e-m+fp/hard/crtbegin.o

.rodata         0x08008428       0x78
                0x08008428                        . = ALIGN (0x4)
 *(.rodata)
 .rodata        0x08008428       0x42 ./USB_DEVICE/App/usbd_desc.o
 *(.rodata*)
 *fill*         0x0800846a        0x2 
 .rodata.AHBPrescTable
                0x0800846c       0x10 ./Core/Src/system_stm32f4xx.o
                0x0800846c                AHBPrescTable
 .rodata.STORAGE_Inquirydata_FS
                0x0800847c       0x24 ./USB_DEVICE/App/usbd_storage_if.o
                0x0800847c                STORAGE_Inquirydata_FS
                0x080084a0                        . = ALIGN (0x4)

.ARM.extab      0x080084a0        0x0
                0x080084a0                        . = ALIGN (0x4)
 *(.ARM.extab* .gnu.linkonce.armextab.*)
                0x080084a0                        . = ALIGN (0x4)

.ARM            0x080084a0        0x8
                0x080084a0                        . = ALIGN (0x4)
                0x080084a0                        __exidx_start = .
 *(.ARM.exidx*)
 .ARM.exidx     0x080084a0        0x8 C:/ST/STM32CubeIDE_2.1.1/STM32CubeIDE/plugins/com.st.stm32cube.ide.mcu.externaltools.gnu-tools-for-stm32.14.3.rel1.win32_1.0.100.202602081740/tools/bin/../lib/gcc/arm-none-eabi/14.3.1/thumb/v7e-m+fp/hard\libgcc.a(_udivmoddi4.o)
                0x080084a8                        __exidx_end = .
                0x080084a8                        . = ALIGN (0x4)

.preinit_array  0x080084a8        0x0
                0x080084a8                        . = ALIGN (0x4)
                0x080084a8                        PROVIDE (__preinit_array_start = .)
 *(.preinit_array*)
                0x080084a8                        PROVIDE (__preinit_array_end = .)
                0x080084a8                        . = ALIGN (0x4)

.init_array     0x080084a8        0x4
                0x080084a8                        . = ALIGN (0x4)
                0x080084a8                        PROVIDE (__init_array_start = .)
 *(SORT_BY_NAME(.init_array.*))
 *(.init_array*)
 .init_array    0x080084a8        0x4 C:/ST/STM32CubeIDE_2.1.1/STM32CubeIDE/plugins/com.st.stm32cube.ide.mcu.externaltools.gnu-tools-for-stm32.14.3.rel1.win32_1.0.100.202602081740/tools/bin/../lib/gcc/arm-none-eabi/14.3.1/thumb/v7e-m+fp/hard/crtbegin.o
                0x080084ac                        PROVIDE (__init_array_end = .)
                0x080084ac                        . = ALIGN (0x4)

.fini_array     0x080084ac        0x4
                0x080084ac                        . = ALIGN (0x4)
                [!provide]                        PROVIDE (__fini_array_start = .)
 *(SORT_BY_NAME(.fini_array.*))
 *(.fini_array*)
 .fini_array    0x080084ac        0x4 C:/ST/STM32CubeIDE_2.1.1/STM32CubeIDE/plugins/com.st.stm32cube.ide.mcu.externaltools.gnu-tools-for-stm32.14.3.rel1.win32_1.0.100.202602081740/tools/bin/../lib/gcc/arm-none-eabi/14.3.1/thumb/v7e-m+fp/hard/crtbegin.o
                [!provide]                        PROVIDE (__fini_array_end = .)
                0x080084b0                        . = ALIGN (0x4)
                0x080084b0                        _sidata = LOADADDR (.data)

.rel.dyn        0x080084b0        0x0
 .rel.iplt      0x080084b0        0x0 C:/ST/STM32CubeIDE_2.1.1/STM32CubeIDE/plugins/com.st.stm32cube.ide.mcu.externaltools.gnu-tools-for-stm32.14.3.rel1.win32_1.0.100.202602081740/tools/bin/../lib/gcc/arm-none-eabi/14.3.1/thumb/v7e-m+fp/hard/crtbegin.o

.data           0x20000000       0xfc load address 0x080084b0
                0x20000000                        . = ALIGN (0x4)
                0x20000000                        _sdata = .
 *(.data)
 *(.data*)
 .data.SystemCoreClock
                0x20000000        0x4 ./Core/Src/system_stm32f4xx.o
                0x20000000                SystemCoreClock
 .data.uwTickPrio
                0x20000004        0x4 ./Drivers/STM32F4xx_HAL_Driver/Src/stm32f4xx_hal.o
                0x20000004                uwTickPrio
 .data.uwTickFreq
                0x20000008        0x1 ./Drivers/STM32F4xx_HAL_Driver/Src/stm32f4xx_hal.o
                0x20000008                uwTickFreq
 *fill*         0x20000009        0x3 
 .data.USBD_MSC
                0x2000000c       0x38 ./Middlewares/ST/STM32_USB_Device_Library/Class/MSC/Src/usbd_msc.o
                0x2000000c                USBD_MSC
 .data.USBD_MSC_CfgDesc
                0x20000044       0x20 ./Middlewares/ST/STM32_USB_Device_Library/Class/MSC/Src/usbd_msc.o
 .data.USBD_MSC_DeviceQualifierDesc
                0x20000064        0xa ./Middlewares/ST/STM32_USB_Device_Library/Class/MSC/Src/usbd_msc.o
 .data.MSCInEpAdd
                0x2000006e        0x1 ./Middlewares/ST/STM32_USB_Device_Library/Class/MSC/Src/usbd_msc.o
                0x2000006e                MSCInEpAdd
 .data.MSCOutEpAdd
                0x2000006f        0x1 ./Middlewares/ST/STM32_USB_Device_Library/Class/MSC/Src/usbd_msc.o
                0x2000006f                MSCOutEpAdd
 .data.MSC_Page00_Inquiry_Data
                0x20000070        0x6 ./Middlewares/ST/STM32_USB_Device_Library/Class/MSC/Src/usbd_msc_data.o
                0x20000070                MSC_Page00_Inquiry_Data
 *fill*         0x20000076        0x2 
 .data.MSC_Page80_Inquiry_Data
                0x20000078        0x8 ./Middlewares/ST/STM32_USB_Device_Library/Class/MSC/Src/usbd_msc_data.o
                0x20000078                MSC_Page80_Inquiry_Data
 .data.MSC_Mode_Sense6_data
                0x20000080        0x4 ./Middlewares/ST/STM32_USB_Device_Library/Class/MSC/Src/usbd_msc_data.o
                0x20000080                MSC_Mode_Sense6_data
 .data.MSC_Mode_Sense10_data
                0x20000084        0x8 ./Middlewares/ST/STM32_USB_Device_Library/Class/MSC/Src/usbd_msc_data.o
                0x20000084                MSC_Mode_Sense10_data
 .data.FS_Desc  0x2000008c       0x1c ./USB_DEVICE/App/usbd_desc.o
                0x2000008c                FS_Desc
 .data.USBD_FS_DeviceDesc
                0x200000a8       0x12 ./USB_DEVICE/App/usbd_desc.o
                0x200000a8                USBD_FS_DeviceDesc
 *fill*         0x200000ba        0x2 
 .data.USBD_LangIDDesc
                0x200000bc        0x4 ./USB_DEVICE/App/usbd_desc.o
                0x200000bc                USBD_LangIDDesc
 .data.USBD_StringSerial
                0x200000c0       0x1a ./USB_DEVICE/App/usbd_desc.o
                0x200000c0                USBD_StringSerial
 *fill*         0x200000da        0x2 
 .data.USBD_Storage_Interface_fops_FS
                0x200000dc       0x20 ./USB_DEVICE/App/usbd_storage_if.o
                0x200000dc                USBD_Storage_Interface_fops_FS
 *(.RamFunc)
 *(.RamFunc*)
                0x200000fc                        . = ALIGN (0x4)
                0x200000fc                        _edata = .
                0x080085ac                        _siccmram = LOADADDR (.ccmram)

.igot.plt       0x200000fc        0x0 load address 0x080085ac
 .igot.plt      0x200000fc        0x0 C:/ST/STM32CubeIDE_2.1.1/STM32CubeIDE/plugins/com.st.stm32cube.ide.mcu.externaltools.gnu-tools-for-stm32.14.3.rel1.win32_1.0.100.202602081740/tools/bin/../lib/gcc/arm-none-eabi/14.3.1/thumb/v7e-m+fp/hard/crtbegin.o

.ccmram         0x10000000        0x0 load address 0x080085ac
                0x10000000                        . = ALIGN (0x4)
                0x10000000                        _sccmram = .
 *(.ccmram)
 *(.ccmram*)
                0x10000000                        . = ALIGN (0x4)
                0x10000000                        _eccmram = .
                0x10000000                        . = ALIGN (0x4)

.bss            0x200000fc    0x10c8c
                0x200000fc                        _sbss = .
                0x200000fc                        __bss_start__ = _sbss
 *(.bss)
 .bss           0x200000fc       0x1c C:/ST/STM32CubeIDE_2.1.1/STM32CubeIDE/plugins/com.st.stm32cube.ide.mcu.externaltools.gnu-tools-for-stm32.14.3.rel1.win32_1.0.100.202602081740/tools/bin/../lib/gcc/arm-none-eabi/14.3.1/thumb/v7e-m+fp/hard/crtbegin.o
 *(.bss*)
 .bss.uwTick    0x20000118        0x4 ./Drivers/STM32F4xx_HAL_Driver/Src/stm32f4xx_hal.o
                0x20000118                uwTick
 .bss.MSC_Diagnostic_Data
                0x2000011c        0x8 ./Middlewares/ST/STM32_USB_Device_Library/Class/MSC/Src/usbd_msc_data.o
                0x2000011c                MSC_Diagnostic_Data
 .bss.lun_report.0
                0x20000124       0x18 ./Middlewares/ST/STM32_USB_Device_Library/Class/MSC/Src/usbd_msc_scsi.o
 .bss.cfgidx.0  0x2000013c        0x1 ./Middlewares/ST/STM32_USB_Device_Library/Core/Src/usbd_ctlreq.o
 *fill*         0x2000013d        0x3 
 .bss.hUsbDeviceFS
                0x20000140      0x2dc ./USB_DEVICE/App/usb_device.o
                0x20000140                hUsbDeviceFS
 .bss.USBD_StrDesc
                0x2000041c      0x200 ./USB_DEVICE/App/usbd_desc.o
                0x2000041c                USBD_StrDesc
 .bss.buffer    0x2000061c    0x10000 ./USB_DEVICE/App/usbd_storage_if.o
                0x2000061c                buffer
 .bss.hpcd_USB_OTG_FS
                0x2001061c      0x4e4 ./USB_DEVICE/Target/usbd_conf.o
                0x2001061c                hpcd_USB_OTG_FS
 .bss.mem.0     0x20010b00      0x288 ./USB_DEVICE/Target/usbd_conf.o
 *(COMMON)
                0x20010d88                        . = ALIGN (0x4)
                0x20010d88                        _ebss = .
                0x20010d88                        __bss_end__ = _ebss

._user_heap_stack
                0x20010d88      0x600
                0x20010d88                        . = ALIGN (0x8)
                [!provide]                        PROVIDE (end = .)
                0x20010d88                        PROVIDE (_end = .)
                0x20010f88                        . = (. + _Min_Heap_Size)
 *fill*         0x20010d88      0x200 
                0x20011388                        . = (. + _Min_Stack_Size)
 *fill*         0x20010f88      0x400 
                0x20011388                        . = ALIGN (0x8)

/DISCARD/
 libc.a(*)
 libm.a(*)
 libgcc.a(*)

.ARM.attributes
                0x00000000       0x30
 *(.ARM.attributes)
 .ARM.attributes
                0x00000000       0x22 C:/ST/STM32CubeIDE_2.1.1/STM32CubeIDE/plugins/com.st.stm32cube.ide.mcu.externaltools.gnu-tools-for-stm32.14.3.rel1.win32_1.0.100.202602081740/tools/bin/../lib/gcc/arm-none-eabi/14.3.1/thumb/v7e-m+fp/hard/crti.o
 .ARM.attributes
                0x00000022       0x34 C:/ST/STM32CubeIDE_2.1.1/STM32CubeIDE/plugins/com.st.stm32cube.ide.mcu.externaltools.gnu-tools-for-stm32.14.3.rel1.win32_1.0.100.202602081740/tools/bin/../lib/gcc/arm-none-eabi/14.3.1/thumb/v7e-m+fp/hard/crtbegin.o
 .ARM.attributes
                0x00000056       0x34 ./Core/Src/main.o
 .ARM.attributes
                0x0000008a       0x34 ./Core/Src/stm32f4xx_hal_msp.o
 .ARM.attributes
                0x000000be       0x34 ./Core/Src/stm32f4xx_it.o
 .ARM.attributes
                0x000000f2       0x34 ./Core/Src/system_stm32f4xx.o
 .ARM.attributes
                0x00000126       0x21 ./Core/Startup/startup_stm32f407vgtx.o
 .ARM.attributes
                0x00000147       0x34 ./Drivers/STM32F4xx_HAL_Driver/Src/stm32f4xx_hal.o
 .ARM.attributes
                0x0000017b       0x34 ./Drivers/STM32F4xx_HAL_Driver/Src/stm32f4xx_hal_cortex.o
 .ARM.attributes
                0x000001af       0x34 ./Drivers/STM32F4xx_HAL_Driver/Src/stm32f4xx_hal_gpio.o
 .ARM.attributes
                0x000001e3       0x34 ./Drivers/STM32F4xx_HAL_Driver/Src/stm32f4xx_hal_pcd.o
 .ARM.attributes
                0x00000217       0x34 ./Drivers/STM32F4xx_HAL_Driver/Src/stm32f4xx_hal_pcd_ex.o
 .ARM.attributes
                0x0000024b       0x34 ./Drivers/STM32F4xx_HAL_Driver/Src/stm32f4xx_hal_rcc.o
 .ARM.attributes
                0x0000027f       0x34 ./Drivers/STM32F4xx_HAL_Driver/Src/stm32f4xx_ll_usb.o
 .ARM.attributes
                0x000002b3       0x34 ./Middlewares/ST/STM32_USB_Device_Library/Class/MSC/Src/usbd_msc.o
 .ARM.attributes
                0x000002e7       0x34 ./Middlewares/ST/STM32_USB_Device_Library/Class/MSC/Src/usbd_msc_bot.o
 .ARM.attributes
                0x0000031b       0x34 ./Middlewares/ST/STM32_USB_Device_Library/Class/MSC/Src/usbd_msc_data.o
 .ARM.attributes
                0x0000034f       0x34 ./Middlewares/ST/STM32_USB_Device_Library/Class/MSC/Src/usbd_msc_scsi.o
 .ARM.attributes
                0x00000383       0x34 ./Middlewares/ST/STM32_USB_Device_Library/Core/Src/usbd_core.o
 .ARM.attributes
                0x000003b7       0x34 ./Middlewares/ST/STM32_USB_Device_Library/Core/Src/usbd_ctlreq.o
 .ARM.attributes
                0x000003eb       0x34 ./Middlewares/ST/STM32_USB_Device_Library/Core/Src/usbd_ioreq.o
 .ARM.attributes
                0x0000041f       0x34 ./USB_DEVICE/App/usb_device.o
 .ARM.attributes
                0x00000453       0x34 ./USB_DEVICE/App/usbd_desc.o
 .ARM.attributes
                0x00000487       0x34 ./USB_DEVICE/App/usbd_storage_if.o
 .ARM.attributes
                0x000004bb       0x34 ./USB_DEVICE/Target/usbd_conf.o
 .ARM.attributes
                0x000004ef       0x34 C:/ST/STM32CubeIDE_2.1.1/STM32CubeIDE/plugins/com.st.stm32cube.ide.mcu.externaltools.gnu-tools-for-stm32.14.3.rel1.win32_1.0.100.202602081740/tools/bin/../lib/gcc/arm-none-eabi/14.3.1/../../../../arm-none-eabi/lib/thumb/v7e-m+fp/hard\libc_nano.a(libc_a-memset.o)
 .ARM.attributes
                0x00000523       0x34 C:/ST/STM32CubeIDE_2.1.1/STM32CubeIDE/plugins/com.st.stm32cube.ide.mcu.externaltools.gnu-tools-for-stm32.14.3.rel1.win32_1.0.100.202602081740/tools/bin/../lib/gcc/arm-none-eabi/14.3.1/../../../../arm-none-eabi/lib/thumb/v7e-m+fp/hard\libc_nano.a(libc_a-init.o)
 .ARM.attributes
                0x00000557       0x34 C:/ST/STM32CubeIDE_2.1.1/STM32CubeIDE/plugins/com.st.stm32cube.ide.mcu.externaltools.gnu-tools-for-stm32.14.3.rel1.win32_1.0.100.202602081740/tools/bin/../lib/gcc/arm-none-eabi/14.3.1/../../../../arm-none-eabi/lib/thumb/v7e-m+fp/hard\libc_nano.a(libc_a-memcpy-stub.o)
 .ARM.attributes
                0x0000058b       0x22 C:/ST/STM32CubeIDE_2.1.1/STM32CubeIDE/plugins/com.st.stm32cube.ide.mcu.externaltools.gnu-tools-for-stm32.14.3.rel1.win32_1.0.100.202602081740/tools/bin/../lib/gcc/arm-none-eabi/14.3.1/thumb/v7e-m+fp/hard\libgcc.a(_aeabi_uldivmod.o)
 .ARM.attributes
                0x000005ad       0x34 C:/ST/STM32CubeIDE_2.1.1/STM32CubeIDE/plugins/com.st.stm32cube.ide.mcu.externaltools.gnu-tools-for-stm32.14.3.rel1.win32_1.0.100.202602081740/tools/bin/../lib/gcc/arm-none-eabi/14.3.1/thumb/v7e-m+fp/hard\libgcc.a(_udivmoddi4.o)
 .ARM.attributes
                0x000005e1       0x22 C:/ST/STM32CubeIDE_2.1.1/STM32CubeIDE/plugins/com.st.stm32cube.ide.mcu.externaltools.gnu-tools-for-stm32.14.3.rel1.win32_1.0.100.202602081740/tools/bin/../lib/gcc/arm-none-eabi/14.3.1/thumb/v7e-m+fp/hard\libgcc.a(_dvmd_tls.o)
 .ARM.attributes
                0x00000603       0x22 C:/ST/STM32CubeIDE_2.1.1/STM32CubeIDE/plugins/com.st.stm32cube.ide.mcu.externaltools.gnu-tools-for-stm32.14.3.rel1.win32_1.0.100.202602081740/tools/bin/../lib/gcc/arm-none-eabi/14.3.1/thumb/v7e-m+fp/hard/crtn.o
OUTPUT(USB_MSC.elf elf32-littlearm)
LOAD linker stubs
LOAD C:/ST/STM32CubeIDE_2.1.1/STM32CubeIDE/plugins/com.st.stm32cube.ide.mcu.externaltools.gnu-tools-for-stm32.14.3.rel1.win32_1.0.100.202602081740/tools/bin/../lib/gcc/arm-none-eabi/14.3.1/../../../../arm-none-eabi/lib/thumb/v7e-m+fp/hard\libc.a
LOAD C:/ST/STM32CubeIDE_2.1.1/STM32CubeIDE/plugins/com.st.stm32cube.ide.mcu.externaltools.gnu-tools-for-stm32.14.3.rel1.win32_1.0.100.202602081740/tools/bin/../lib/gcc/arm-none-eabi/14.3.1/../../../../arm-none-eabi/lib/thumb/v7e-m+fp/hard\libm.a
LOAD C:/ST/STM32CubeIDE_2.1.1/STM32CubeIDE/plugins/com.st.stm32cube.ide.mcu.externaltools.gnu-tools-for-stm32.14.3.rel1.win32_1.0.100.202602081740/tools/bin/../lib/gcc/arm-none-eabi/14.3.1/thumb/v7e-m+fp/hard\libgcc.a

.debug_info     0x00000000     0xeb4e
 .debug_info    0x00000000      0x508 ./Core/Src/main.o
 .debug_info    0x00000508      0x27c ./Core/Src/stm32f4xx_hal_msp.o
 .debug_info    0x00000784      0x627 ./Core/Src/stm32f4xx_it.o
 .debug_info    0x00000dab      0x512 ./Core/Src/system_stm32f4xx.o
 .debug_info    0x000012bd       0x30 ./Core/Startup/startup_stm32f407vgtx.o
 .debug_info    0x000012ed      0x944 ./Drivers/STM32F4xx_HAL_Driver/Src/stm32f4xx_hal.o
 .debug_info    0x00001c31      0xd8c ./Drivers/STM32F4xx_HAL_Driver/Src/stm32f4xx_hal_cortex.o
 .debug_info    0x000029bd      0x6c3 ./Drivers/STM32F4xx_HAL_Driver/Src/stm32f4xx_hal_gpio.o
 .debug_info    0x00003080     0x156f ./Drivers/STM32F4xx_HAL_Driver/Src/stm32f4xx_hal_pcd.o
 .debug_info    0x000045ef      0x6ea ./Drivers/STM32F4xx_HAL_Driver/Src/stm32f4xx_hal_pcd_ex.o
 .debug_info    0x00004cd9      0x8c3 ./Drivers/STM32F4xx_HAL_Driver/Src/stm32f4xx_hal_rcc.o
 .debug_info    0x0000559c     0x1993 ./Drivers/STM32F4xx_HAL_Driver/Src/stm32f4xx_ll_usb.o
 .debug_info    0x00006f2f      0xe11 ./Middlewares/ST/STM32_USB_Device_Library/Class/MSC/Src/usbd_msc.o
 .debug_info    0x00007d40      0xc9f ./Middlewares/ST/STM32_USB_Device_Library/Class/MSC/Src/usbd_msc_bot.o
 .debug_info    0x000089df      0x12d ./Middlewares/ST/STM32_USB_Device_Library/Class/MSC/Src/usbd_msc_data.o
 .debug_info    0x00008b0c     0x13d6 ./Middlewares/ST/STM32_USB_Device_Library/Class/MSC/Src/usbd_msc_scsi.o
 .debug_info    0x00009ee2      0xe12 ./Middlewares/ST/STM32_USB_Device_Library/Core/Src/usbd_core.o
 .debug_info    0x0000acf4      0xaeb ./Middlewares/ST/STM32_USB_Device_Library/Core/Src/usbd_ctlreq.o
 .debug_info    0x0000b7df      0x762 ./Middlewares/ST/STM32_USB_Device_Library/Core/Src/usbd_ioreq.o
 .debug_info    0x0000bf41      0x74b ./USB_DEVICE/App/usb_device.o
 .debug_info    0x0000c68c      0x458 ./USB_DEVICE/App/usbd_desc.o
 .debug_info    0x0000cae4      0x3f3 ./USB_DEVICE/App/usbd_storage_if.o
 .debug_info    0x0000ced7     0x1c77 ./USB_DEVICE/Target/usbd_conf.o

.debug_abbrev   0x00000000     0x2f66
 .debug_abbrev  0x00000000      0x1f6 ./Core/Src/main.o
 .debug_abbrev  0x000001f6       0xf4 ./Core/Src/stm32f4xx_hal_msp.o
 .debug_abbrev  0x000002ea      0x1a4 ./Core/Src/stm32f4xx_it.o
 .debug_abbrev  0x0000048e      0x11a ./Core/Src/system_stm32f4xx.o
 .debug_abbrev  0x000005a8       0x24 ./Core/Startup/startup_stm32f407vgtx.o
 .debug_abbrev  0x000005cc      0x214 ./Drivers/STM32F4xx_HAL_Driver/Src/stm32f4xx_hal.o
 .debug_abbrev  0x000007e0      0x31d ./Drivers/STM32F4xx_HAL_Driver/Src/stm32f4xx_hal_cortex.o
 .debug_abbrev  0x00000afd      0x1d4 ./Drivers/STM32F4xx_HAL_Driver/Src/stm32f4xx_hal_gpio.o
 .debug_abbrev  0x00000cd1      0x2b9 ./Drivers/STM32F4xx_HAL_Driver/Src/stm32f4xx_hal_pcd.o
 .debug_abbrev  0x00000f8a      0x1da ./Drivers/STM32F4xx_HAL_Driver/Src/stm32f4xx_hal_pcd_ex.o
 .debug_abbrev  0x00001164      0x2b7 ./Drivers/STM32F4xx_HAL_Driver/Src/stm32f4xx_hal_rcc.o
 .debug_abbrev  0x0000141b      0x2b3 ./Drivers/STM32F4xx_HAL_Driver/Src/stm32f4xx_ll_usb.o
 .debug_abbrev  0x000016ce      0x316 ./Middlewares/ST/STM32_USB_Device_Library/Class/MSC/Src/usbd_msc.o
 .debug_abbrev  0x000019e4      0x2dc ./Middlewares/ST/STM32_USB_Device_Library/Class/MSC/Src/usbd_msc_bot.o
 .debug_abbrev  0x00001cc0       0x6f ./Middlewares/ST/STM32_USB_Device_Library/Class/MSC/Src/usbd_msc_data.o
 .debug_abbrev  0x00001d2f      0x313 ./Middlewares/ST/STM32_USB_Device_Library/Class/MSC/Src/usbd_msc_scsi.o
 .debug_abbrev  0x00002042      0x27c ./Middlewares/ST/STM32_USB_Device_Library/Core/Src/usbd_core.o
 .debug_abbrev  0x000022be      0x26f ./Middlewares/ST/STM32_USB_Device_Library/Core/Src/usbd_ctlreq.o
 .debug_abbrev  0x0000252d      0x19a ./Middlewares/ST/STM32_USB_Device_Library/Core/Src/usbd_ioreq.o
 .debug_abbrev  0x000026c7      0x194 ./USB_DEVICE/App/usb_device.o
 .debug_abbrev  0x0000285b      0x1e1 ./USB_DEVICE/App/usbd_desc.o
 .debug_abbrev  0x00002a3c      0x1eb ./USB_DEVICE/App/usbd_storage_if.o
 .debug_abbrev  0x00002c27      0x33f ./USB_DEVICE/Target/usbd_conf.o

.debug_aranges  0x00000000      0xc80
 .debug_aranges
                0x00000000       0x38 ./Core/Src/main.o
 .debug_aranges
                0x00000038       0x20 ./Core/Src/stm32f4xx_hal_msp.o
 .debug_aranges
                0x00000058       0x68 ./Core/Src/stm32f4xx_it.o
 .debug_aranges
                0x000000c0       0x28 ./Core/Src/system_stm32f4xx.o
 .debug_aranges
                0x000000e8       0x28 ./Core/Startup/startup_stm32f407vgtx.o
 .debug_aranges
                0x00000110       0xf0 ./Drivers/STM32F4xx_HAL_Driver/Src/stm32f4xx_hal.o
 .debug_aranges
                0x00000200      0x130 ./Drivers/STM32F4xx_HAL_Driver/Src/stm32f4xx_hal_cortex.o
 .debug_aranges
                0x00000330       0x58 ./Drivers/STM32F4xx_HAL_Driver/Src/stm32f4xx_hal_gpio.o
 .debug_aranges
                0x00000388      0x148 ./Drivers/STM32F4xx_HAL_Driver/Src/stm32f4xx_hal_pcd.o
 .debug_aranges
                0x000004d0       0x38 ./Drivers/STM32F4xx_HAL_Driver/Src/stm32f4xx_hal_pcd_ex.o
 .debug_aranges
                0x00000508       0x88 ./Drivers/STM32F4xx_HAL_Driver/Src/stm32f4xx_hal_rcc.o
 .debug_aranges
                0x00000590      0x1a0 ./Drivers/STM32F4xx_HAL_Driver/Src/stm32f4xx_ll_usb.o
 .debug_aranges
                0x00000730       0x68 ./Middlewares/ST/STM32_USB_Device_Library/Class/MSC/Src/usbd_msc.o
 .debug_aranges
                0x00000798       0x68 ./Middlewares/ST/STM32_USB_Device_Library/Class/MSC/Src/usbd_msc_bot.o
 .debug_aranges
                0x00000800       0x18 ./Middlewares/ST/STM32_USB_Device_Library/Class/MSC/Src/usbd_msc_data.o
 .debug_aranges
                0x00000818       0xd0 ./Middlewares/ST/STM32_USB_Device_Library/Class/MSC/Src/usbd_msc_scsi.o
 .debug_aranges
                0x000008e8       0xd8 ./Middlewares/ST/STM32_USB_Device_Library/Core/Src/usbd_core.o
 .debug_aranges
                0x000009c0       0x90 ./Middlewares/ST/STM32_USB_Device_Library/Core/Src/usbd_ctlreq.o
 .debug_aranges
                0x00000a50       0x50 ./Middlewares/ST/STM32_USB_Device_Library/Core/Src/usbd_ioreq.o
 .debug_aranges
                0x00000aa0       0x20 ./USB_DEVICE/App/usb_device.o
 .debug_aranges
                0x00000ac0       0x60 ./USB_DEVICE/App/usbd_desc.o
 .debug_aranges
                0x00000b20       0x50 ./USB_DEVICE/App/usbd_storage_if.o
 .debug_aranges
                0x00000b70      0x110 ./USB_DEVICE/Target/usbd_conf.o

.debug_rnglists
                0x00000000      0x92e
 .debug_rnglists
                0x00000000       0x26 ./Core/Src/main.o
 .debug_rnglists
                0x00000026       0x13 ./Core/Src/stm32f4xx_hal_msp.o
 .debug_rnglists
                0x00000039       0x49 ./Core/Src/stm32f4xx_it.o
 .debug_rnglists
                0x00000082       0x1a ./Core/Src/system_stm32f4xx.o
 .debug_rnglists
                0x0000009c       0x19 ./Core/Startup/startup_stm32f407vgtx.o
 .debug_rnglists
                0x000000b5       0xaf ./Drivers/STM32F4xx_HAL_Driver/Src/stm32f4xx_hal.o
 .debug_rnglists
                0x00000164       0xe0 ./Drivers/STM32F4xx_HAL_Driver/Src/stm32f4xx_hal_cortex.o
 .debug_rnglists
                0x00000244       0x3f ./Drivers/STM32F4xx_HAL_Driver/Src/stm32f4xx_hal_gpio.o
 .debug_rnglists
                0x00000283       0xfa ./Drivers/STM32F4xx_HAL_Driver/Src/stm32f4xx_hal_pcd.o
 .debug_rnglists
                0x0000037d       0x26 ./Drivers/STM32F4xx_HAL_Driver/Src/stm32f4xx_hal_pcd_ex.o
 .debug_rnglists
                0x000003a3       0x66 ./Drivers/STM32F4xx_HAL_Driver/Src/stm32f4xx_hal_rcc.o
 .debug_rnglists
                0x00000409      0x147 ./Drivers/STM32F4xx_HAL_Driver/Src/stm32f4xx_ll_usb.o
 .debug_rnglists
                0x00000550       0x4c ./Middlewares/ST/STM32_USB_Device_Library/Class/MSC/Src/usbd_msc.o
 .debug_rnglists
                0x0000059c       0x4c ./Middlewares/ST/STM32_USB_Device_Library/Class/MSC/Src/usbd_msc_bot.o
 .debug_rnglists
                0x000005e8       0xaa ./Middlewares/ST/STM32_USB_Device_Library/Class/MSC/Src/usbd_msc_scsi.o
 .debug_rnglists
                0x00000692       0xa1 ./Middlewares/ST/STM32_USB_Device_Library/Core/Src/usbd_core.o
 .debug_rnglists
                0x00000733       0x6e ./Middlewares/ST/STM32_USB_Device_Library/Core/Src/usbd_ctlreq.o
 .debug_rnglists
                0x000007a1       0x37 ./Middlewares/ST/STM32_USB_Device_Library/Core/Src/usbd_ioreq.o
 .debug_rnglists
                0x000007d8       0x13 ./USB_DEVICE/App/usb_device.o
 .debug_rnglists
                0x000007eb       0x43 ./USB_DEVICE/App/usbd_desc.o
 .debug_rnglists
                0x0000082e       0x37 ./USB_DEVICE/App/usbd_storage_if.o
 .debug_rnglists
                0x00000865       0xc9 ./USB_DEVICE/Target/usbd_conf.o

.debug_macro    0x00000000    0x234f1
 .debug_macro   0x00000000      0x342 ./Core/Src/main.o
 .debug_macro   0x00000342      0xad8 ./Core/Src/main.o
 .debug_macro   0x00000e1a      0x295 ./Core/Src/main.o
 .debug_macro   0x000010af       0x2e ./Core/Src/main.o
 .debug_macro   0x000010dd       0x2f ./Core/Src/main.o
 .debug_macro   0x0000110c       0x22 ./Core/Src/main.o
 .debug_macro   0x0000112e       0x8e ./Core/Src/main.o
 .debug_macro   0x000011bc       0x51 ./Core/Src/main.o
 .debug_macro   0x0000120d      0x103 ./Core/Src/main.o
 .debug_macro   0x00001310       0x6a ./Core/Src/main.o
 .debug_macro   0x0000137a      0x1df ./Core/Src/main.o
 .debug_macro   0x00001559       0x1c ./Core/Src/main.o
 .debug_macro   0x00001575       0x22 ./Core/Src/main.o
 .debug_macro   0x00001597       0xfb ./Core/Src/main.o
 .debug_macro   0x00001692     0x1011 ./Core/Src/main.o
 .debug_macro   0x000026a3      0x11f ./Core/Src/main.o
 .debug_macro   0x000027c2    0x15ea5 ./Core/Src/main.o
 .debug_macro   0x00018667       0x6d ./Core/Src/main.o
 .debug_macro   0x000186d4     0x3693 ./Core/Src/main.o
 .debug_macro   0x0001bd67      0x190 ./Core/Src/main.o
 .debug_macro   0x0001bef7       0x5c ./Core/Src/main.o
 .debug_macro   0x0001bf53      0x980 ./Core/Src/main.o
 .debug_macro   0x0001c8d3      0x9e9 ./Core/Src/main.o
 .debug_macro   0x0001d2bc      0x115 ./Core/Src/main.o
 .debug_macro   0x0001d3d1      0x13e ./Core/Src/main.o
 .debug_macro   0x0001d50f       0xa5 ./Core/Src/main.o
 .debug_macro   0x0001d5b4      0x174 ./Core/Src/main.o
 .debug_macro   0x0001d728      0x287 ./Core/Src/main.o
 .debug_macro   0x0001d9af       0x5f ./Core/Src/main.o
 .debug_macro   0x0001da0e      0x236 ./Core/Src/main.o
 .debug_macro   0x0001dc44      0x12c ./Core/Src/main.o
 .debug_macro   0x0001dd70      0x21e ./Core/Src/main.o
 .debug_macro   0x0001df8e       0x2e ./Core/Src/main.o
 .debug_macro   0x0001dfbc      0x127 ./Core/Src/main.o
 .debug_macro   0x0001e0e3       0x7e ./Core/Src/main.o
 .debug_macro   0x0001e161       0x89 ./Core/Src/main.o
 .debug_macro   0x0001e1ea      0x293 ./Core/Src/main.o
 .debug_macro   0x0001e47d       0xba ./Core/Src/main.o
 .debug_macro   0x0001e537      0x12d ./Core/Src/main.o
 .debug_macro   0x0001e664       0x61 ./Core/Src/main.o
 .debug_macro   0x0001e6c5       0x2a ./Core/Src/main.o
 .debug_macro   0x0001e6ef       0x43 ./Core/Src/main.o
 .debug_macro   0x0001e732       0x34 ./Core/Src/main.o
 .debug_macro   0x0001e766       0x16 ./Core/Src/main.o
 .debug_macro   0x0001e77c       0x3c ./Core/Src/main.o
 .debug_macro   0x0001e7b8      0x364 ./Core/Src/main.o
 .debug_macro   0x0001eb1c       0x10 ./Core/Src/main.o
 .debug_macro   0x0001eb2c       0x16 ./Core/Src/main.o
 .debug_macro   0x0001eb42       0x4a ./Core/Src/main.o
 .debug_macro   0x0001eb8c       0x34 ./Core/Src/main.o
 .debug_macro   0x0001ebc0       0x10 ./Core/Src/main.o
 .debug_macro   0x0001ebd0       0x58 ./Core/Src/main.o
 .debug_macro   0x0001ec28       0x8e ./Core/Src/main.o
 .debug_macro   0x0001ecb6       0x1c ./Core/Src/main.o
 .debug_macro   0x0001ecd2      0x17e ./Core/Src/main.o
 .debug_macro   0x0001ee50       0x16 ./Core/Src/main.o
 .debug_macro   0x0001ee66       0x16 ./Core/Src/main.o
 .debug_macro   0x0001ee7c      0x146 ./Core/Src/main.o
 .debug_macro   0x0001efc2       0x16 ./Core/Src/main.o
 .debug_macro   0x0001efd8       0x16 ./Core/Src/main.o
 .debug_macro   0x0001efee       0x29 ./Core/Src/main.o
 .debug_macro   0x0001f017       0x16 ./Core/Src/main.o
 .debug_macro   0x0001f02d       0x20 ./Core/Src/main.o
 .debug_macro   0x0001f04d       0x6b ./Core/Src/main.o
 .debug_macro   0x0001f0b8      0x20f ./Core/Src/main.o
 .debug_macro   0x0001f2c7      0x1de ./Core/Src/stm32f4xx_hal_msp.o
 .debug_macro   0x0001f4a5      0x1e8 ./Core/Src/stm32f4xx_it.o
 .debug_macro   0x0001f68d      0x1d4 ./Core/Src/system_stm32f4xx.o
 .debug_macro   0x0001f861      0x234 ./Drivers/STM32F4xx_HAL_Driver/Src/stm32f4xx_hal.o
 .debug_macro   0x0001fa95      0x1d4 ./Drivers/STM32F4xx_HAL_Driver/Src/stm32f4xx_hal_cortex.o
 .debug_macro   0x0001fc69      0x1da ./Drivers/STM32F4xx_HAL_Driver/Src/stm32f4xx_hal_gpio.o
 .debug_macro   0x0001fe43      0x1e0 ./Drivers/STM32F4xx_HAL_Driver/Src/stm32f4xx_hal_pcd.o
 .debug_macro   0x00020023      0x1d4 ./Drivers/STM32F4xx_HAL_Driver/Src/stm32f4xx_hal_pcd_ex.o
 .debug_macro   0x000201f7      0x1f8 ./Drivers/STM32F4xx_HAL_Driver/Src/stm32f4xx_hal_rcc.o
 .debug_macro   0x000203ef      0x1d4 ./Drivers/STM32F4xx_HAL_Driver/Src/stm32f4xx_ll_usb.o
 .debug_macro   0x000205c3      0x389 ./Middlewares/ST/STM32_USB_Device_Library/Class/MSC/Src/usbd_msc.o
 .debug_macro   0x0002094c       0x9e ./Middlewares/ST/STM32_USB_Device_Library/Class/MSC/Src/usbd_msc.o
 .debug_macro   0x000209ea      0x112 ./Middlewares/ST/STM32_USB_Device_Library/Class/MSC/Src/usbd_msc.o
 .debug_macro   0x00020afc       0x56 ./Middlewares/ST/STM32_USB_Device_Library/Class/MSC/Src/usbd_msc.o
 .debug_macro   0x00020b52      0x215 ./Middlewares/ST/STM32_USB_Device_Library/Class/MSC/Src/usbd_msc.o
 .debug_macro   0x00020d67       0x7c ./Middlewares/ST/STM32_USB_Device_Library/Class/MSC/Src/usbd_msc.o
 .debug_macro   0x00020de3      0x16c ./Middlewares/ST/STM32_USB_Device_Library/Class/MSC/Src/usbd_msc.o
 .debug_macro   0x00020f4f       0x3a ./Middlewares/ST/STM32_USB_Device_Library/Class/MSC/Src/usbd_msc.o
 .debug_macro   0x00020f89      0x391 ./Middlewares/ST/STM32_USB_Device_Library/Class/MSC/Src/usbd_msc_bot.o
 .debug_macro   0x0002131a      0x332 ./Middlewares/ST/STM32_USB_Device_Library/Class/MSC/Src/usbd_msc_data.o
 .debug_macro   0x0002164c       0x2e ./Middlewares/ST/STM32_USB_Device_Library/Class/MSC/Src/usbd_msc_data.o
 .debug_macro   0x0002167a      0x39a ./Middlewares/ST/STM32_USB_Device_Library/Class/MSC/Src/usbd_msc_scsi.o
 .debug_macro   0x00021a14       0x34 ./Middlewares/ST/STM32_USB_Device_Library/Class/MSC/Src/usbd_msc_scsi.o
 .debug_macro   0x00021a48      0x354 ./Middlewares/ST/STM32_USB_Device_Library/Core/Src/usbd_core.o
 .debug_macro   0x00021d9c      0x35e ./Middlewares/ST/STM32_USB_Device_Library/Core/Src/usbd_ctlreq.o
 .debug_macro   0x000220fa      0x35a ./Middlewares/ST/STM32_USB_Device_Library/Core/Src/usbd_ioreq.o
 .debug_macro   0x00022454      0x3a6 ./USB_DEVICE/App/usb_device.o
 .debug_macro   0x000227fa       0x22 ./USB_DEVICE/App/usb_device.o
 .debug_macro   0x0002281c       0x82 ./USB_DEVICE/App/usb_device.o
 .debug_macro   0x0002289e      0x172 ./USB_DEVICE/App/usb_device.o
 .debug_macro   0x00022a10      0x397 ./USB_DEVICE/App/usbd_desc.o
 .debug_macro   0x00022da7       0x1c ./USB_DEVICE/App/usbd_desc.o
 .debug_macro   0x00022dc3      0x3a5 ./USB_DEVICE/App/usbd_storage_if.o
 .debug_macro   0x00023168      0x389 ./USB_DEVICE/Target/usbd_conf.o

.debug_line     0x00000000    0x11f1b
 .debug_line    0x00000000      0xa04 ./Core/Src/main.o
 .debug_line    0x00000a04      0x749 ./Core/Src/stm32f4xx_hal_msp.o
 .debug_line    0x0000114d      0x80f ./Core/Src/stm32f4xx_it.o
 .debug_line    0x0000195c      0x7be ./Core/Src/system_stm32f4xx.o
 .debug_line    0x0000211a       0x7a ./Core/Startup/startup_stm32f407vgtx.o
 .debug_line    0x00002194      0xa3d ./Drivers/STM32F4xx_HAL_Driver/Src/stm32f4xx_hal.o
 .debug_line    0x00002bd1      0xd0a ./Drivers/STM32F4xx_HAL_Driver/Src/stm32f4xx_hal_cortex.o
 .debug_line    0x000038db      0xb8f ./Drivers/STM32F4xx_HAL_Driver/Src/stm32f4xx_hal_gpio.o
 .debug_line    0x0000446a     0x1483 ./Drivers/STM32F4xx_HAL_Driver/Src/stm32f4xx_hal_pcd.o
 .debug_line    0x000058ed      0x803 ./Drivers/STM32F4xx_HAL_Driver/Src/stm32f4xx_hal_pcd_ex.o
 .debug_line    0x000060f0      0xe49 ./Drivers/STM32F4xx_HAL_Driver/Src/stm32f4xx_hal_rcc.o
 .debug_line    0x00006f39     0x1d74 ./Drivers/STM32F4xx_HAL_Driver/Src/stm32f4xx_ll_usb.o
 .debug_line    0x00008cad      0xcf4 ./Middlewares/ST/STM32_USB_Device_Library/Class/MSC/Src/usbd_msc.o
 .debug_line    0x000099a1      0xd20 ./Middlewares/ST/STM32_USB_Device_Library/Class/MSC/Src/usbd_msc_bot.o
 .debug_line    0x0000a6c1      0x971 ./Middlewares/ST/STM32_USB_Device_Library/Class/MSC/Src/usbd_msc_data.o
 .debug_line    0x0000b032     0x15ee ./Middlewares/ST/STM32_USB_Device_Library/Class/MSC/Src/usbd_msc_scsi.o
 .debug_line    0x0000c620      0xf60 ./Middlewares/ST/STM32_USB_Device_Library/Core/Src/usbd_core.o
 .debug_line    0x0000d580     0x1122 ./Middlewares/ST/STM32_USB_Device_Library/Core/Src/usbd_ctlreq.o
 .debug_line    0x0000e6a2      0xa67 ./Middlewares/ST/STM32_USB_Device_Library/Core/Src/usbd_ioreq.o
 .debug_line    0x0000f109      0xa56 ./USB_DEVICE/App/usb_device.o
 .debug_line    0x0000fb5f      0xad6 ./USB_DEVICE/App/usbd_desc.o
 .debug_line    0x00010635      0xab7 ./USB_DEVICE/App/usbd_storage_if.o
 .debug_line    0x000110ec      0xe2f ./USB_DEVICE/Target/usbd_conf.o

.debug_str      0x00000000    0xc4b2c
 .debug_str     0x00000000    0xc4b2c ./Core/Src/main.o
                              0xc0896 (size before relaxing)
 .debug_str     0x000c4b2c    0xbc411 ./Core/Src/stm32f4xx_hal_msp.o
 .debug_str     0x000c4b2c    0xbc7ad ./Core/Src/stm32f4xx_it.o
 .debug_str     0x000c4b2c    0xbc4a4 ./Core/Src/system_stm32f4xx.o
 .debug_str     0x000c4b2c       0x78 ./Core/Startup/startup_stm32f407vgtx.o
 .debug_str     0x000c4b2c    0xbd028 ./Drivers/STM32F4xx_HAL_Driver/Src/stm32f4xx_hal.o
 .debug_str     0x000c4b2c    0xbcda4 ./Drivers/STM32F4xx_HAL_Driver/Src/stm32f4xx_hal_cortex.o
 .debug_str     0x000c4b2c    0xbc61f ./Drivers/STM32F4xx_HAL_Driver/Src/stm32f4xx_hal_gpio.o
 .debug_str     0x000c4b2c    0xbcf82 ./Drivers/STM32F4xx_HAL_Driver/Src/stm32f4xx_hal_pcd.o
 .debug_str     0x000c4b2c    0xbc872 ./Drivers/STM32F4xx_HAL_Driver/Src/stm32f4xx_hal_pcd_ex.o
 .debug_str     0x000c4b2c    0xbc8d8 ./Drivers/STM32F4xx_HAL_Driver/Src/stm32f4xx_hal_rcc.o
 .debug_str     0x000c4b2c    0xbce5d ./Drivers/STM32F4xx_HAL_Driver/Src/stm32f4xx_ll_usb.o
 .debug_str     0x000c4b2c    0xc1710 ./Middlewares/ST/STM32_USB_Device_Library/Class/MSC/Src/usbd_msc.o
 .debug_str     0x000c4b2c    0xc15e4 ./Middlewares/ST/STM32_USB_Device_Library/Class/MSC/Src/usbd_msc_bot.o
 .debug_str     0x000c4b2c    0xbfe4c ./Middlewares/ST/STM32_USB_Device_Library/Class/MSC/Src/usbd_msc_data.o
 .debug_str     0x000c4b2c    0xc1822 ./Middlewares/ST/STM32_USB_Device_Library/Class/MSC/Src/usbd_msc_scsi.o
 .debug_str     0x000c4b2c    0xc0e19 ./Middlewares/ST/STM32_USB_Device_Library/Core/Src/usbd_core.o
 .debug_str     0x000c4b2c    0xc0c44 ./Middlewares/ST/STM32_USB_Device_Library/Core/Src/usbd_ctlreq.o
 .debug_str     0x000c4b2c    0xc0b19 ./Middlewares/ST/STM32_USB_Device_Library/Core/Src/usbd_ioreq.o
 .debug_str     0x000c4b2c    0xc140e ./USB_DEVICE/App/usb_device.o
 .debug_str     0x000c4b2c    0xc0a0e ./USB_DEVICE/App/usbd_desc.o
 .debug_str     0x000c4b2c    0xc1034 ./USB_DEVICE/App/usbd_storage_if.o
 .debug_str     0x000c4b2c    0xc224c ./USB_DEVICE/Target/usbd_conf.o

.comment        0x00000000       0x43
 .comment       0x00000000       0x43 ./Core/Src/main.o
                                 0x44 (size before relaxing)
 .comment       0x00000043       0x44 ./Core/Src/stm32f4xx_hal_msp.o
 .comment       0x00000043       0x44 ./Core/Src/stm32f4xx_it.o
 .comment       0x00000043       0x44 ./Core/Src/system_stm32f4xx.o
 .comment       0x00000043       0x44 ./Drivers/STM32F4xx_HAL_Driver/Src/stm32f4xx_hal.o
 .comment       0x00000043       0x44 ./Drivers/STM32F4xx_HAL_Driver/Src/stm32f4xx_hal_cortex.o
 .comment       0x00000043       0x44 ./Drivers/STM32F4xx_HAL_Driver/Src/stm32f4xx_hal_gpio.o
 .comment       0x00000043       0x44 ./Drivers/STM32F4xx_HAL_Driver/Src/stm32f4xx_hal_pcd.o
 .comment       0x00000043       0x44 ./Drivers/STM32F4xx_HAL_Driver/Src/stm32f4xx_hal_pcd_ex.o
 .comment       0x00000043       0x44 ./Drivers/STM32F4xx_HAL_Driver/Src/stm32f4xx_hal_rcc.o
 .comment       0x00000043       0x44 ./Drivers/STM32F4xx_HAL_Driver/Src/stm32f4xx_ll_usb.o
 .comment       0x00000043       0x44 ./Middlewares/ST/STM32_USB_Device_Library/Class/MSC/Src/usbd_msc.o
 .comment       0x00000043       0x44 ./Middlewares/ST/STM32_USB_Device_Library/Class/MSC/Src/usbd_msc_bot.o
 .comment       0x00000043       0x44 ./Middlewares/ST/STM32_USB_Device_Library/Class/MSC/Src/usbd_msc_data.o
 .comment       0x00000043       0x44 ./Middlewares/ST/STM32_USB_Device_Library/Class/MSC/Src/usbd_msc_scsi.o
 .comment       0x00000043       0x44 ./Middlewares/ST/STM32_USB_Device_Library/Core/Src/usbd_core.o
 .comment       0x00000043       0x44 ./Middlewares/ST/STM32_USB_Device_Library/Core/Src/usbd_ctlreq.o
 .comment       0x00000043       0x44 ./Middlewares/ST/STM32_USB_Device_Library/Core/Src/usbd_ioreq.o
 .comment       0x00000043       0x44 ./USB_DEVICE/App/usb_device.o
 .comment       0x00000043       0x44 ./USB_DEVICE/App/usbd_desc.o
 .comment       0x00000043       0x44 ./USB_DEVICE/App/usbd_storage_if.o
 .comment       0x00000043       0x44 ./USB_DEVICE/Target/usbd_conf.o

.debug_frame    0x00000000     0x2ef4
 .debug_frame   0x00000000       0x8c ./Core/Src/main.o
 .debug_frame   0x0000008c       0x34 ./Core/Src/stm32f4xx_hal_msp.o
 .debug_frame   0x000000c0      0x114 ./Core/Src/stm32f4xx_it.o
 .debug_frame   0x000001d4       0x50 ./Core/Src/system_stm32f4xx.o
 .debug_frame   0x00000224      0x31c ./Drivers/STM32F4xx_HAL_Driver/Src/stm32f4xx_hal.o
 .debug_frame   0x00000540      0x4b8 ./Drivers/STM32F4xx_HAL_Driver/Src/stm32f4xx_hal_cortex.o
 .debug_frame   0x000009f8      0x130 ./Drivers/STM32F4xx_HAL_Driver/Src/stm32f4xx_hal_gpio.o
 .debug_frame   0x00000b28      0x574 ./Drivers/STM32F4xx_HAL_Driver/Src/stm32f4xx_hal_pcd.o
 .debug_frame   0x0000109c       0xa0 ./Drivers/STM32F4xx_HAL_Driver/Src/stm32f4xx_hal_pcd_ex.o
 .debug_frame   0x0000113c      0x1d8 ./Drivers/STM32F4xx_HAL_Driver/Src/stm32f4xx_hal_rcc.o
 .debug_frame   0x00001314      0x724 ./Drivers/STM32F4xx_HAL_Driver/Src/stm32f4xx_ll_usb.o
 .debug_frame   0x00001a38      0x178 ./Middlewares/ST/STM32_USB_Device_Library/Class/MSC/Src/usbd_msc.o
 .debug_frame   0x00001bb0      0x178 ./Middlewares/ST/STM32_USB_Device_Library/Class/MSC/Src/usbd_msc_bot.o
 .debug_frame   0x00001d28      0x358 ./Middlewares/ST/STM32_USB_Device_Library/Class/MSC/Src/usbd_msc_scsi.o
 .debug_frame   0x00002080      0x370 ./Middlewares/ST/STM32_USB_Device_Library/Core/Src/usbd_core.o
 .debug_frame   0x000023f0      0x234 ./Middlewares/ST/STM32_USB_Device_Library/Core/Src/usbd_ctlreq.o
 .debug_frame   0x00002624      0x10c ./Middlewares/ST/STM32_USB_Device_Library/Core/Src/usbd_ioreq.o
 .debug_frame   0x00002730       0x2c ./USB_DEVICE/App/usb_device.o
 .debug_frame   0x0000275c      0x154 ./USB_DEVICE/App/usbd_desc.o
 .debug_frame   0x000028b0      0x104 ./USB_DEVICE/App/usbd_storage_if.o
 .debug_frame   0x000029b4      0x46c ./USB_DEVICE/Target/usbd_conf.o
 .debug_frame   0x00002e20       0x20 C:/ST/STM32CubeIDE_2.1.1/STM32CubeIDE/plugins/com.st.stm32cube.ide.mcu.externaltools.gnu-tools-for-stm32.14.3.rel1.win32_1.0.100.202602081740/tools/bin/../lib/gcc/arm-none-eabi/14.3.1/../../../../arm-none-eabi/lib/thumb/v7e-m+fp/hard\libc_nano.a(libc_a-memset.o)
 .debug_frame   0x00002e40       0x2c C:/ST/STM32CubeIDE_2.1.1/STM32CubeIDE/plugins/com.st.stm32cube.ide.mcu.externaltools.gnu-tools-for-stm32.14.3.rel1.win32_1.0.100.202602081740/tools/bin/../lib/gcc/arm-none-eabi/14.3.1/../../../../arm-none-eabi/lib/thumb/v7e-m+fp/hard\libc_nano.a(libc_a-init.o)
 .debug_frame   0x00002e6c       0x28 C:/ST/STM32CubeIDE_2.1.1/STM32CubeIDE/plugins/com.st.stm32cube.ide.mcu.externaltools.gnu-tools-for-stm32.14.3.rel1.win32_1.0.100.202602081740/tools/bin/../lib/gcc/arm-none-eabi/14.3.1/../../../../arm-none-eabi/lib/thumb/v7e-m+fp/hard\libc_nano.a(libc_a-memcpy-stub.o)
 .debug_frame   0x00002e94       0x2c C:/ST/STM32CubeIDE_2.1.1/STM32CubeIDE/plugins/com.st.stm32cube.ide.mcu.externaltools.gnu-tools-for-stm32.14.3.rel1.win32_1.0.100.202602081740/tools/bin/../lib/gcc/arm-none-eabi/14.3.1/thumb/v7e-m+fp/hard\libgcc.a(_aeabi_uldivmod.o)
 .debug_frame   0x00002ec0       0x34 C:/ST/STM32CubeIDE_2.1.1/STM32CubeIDE/plugins/com.st.stm32cube.ide.mcu.externaltools.gnu-tools-for-stm32.14.3.rel1.win32_1.0.100.202602081740/tools/bin/../lib/gcc/arm-none-eabi/14.3.1/thumb/v7e-m+fp/hard\libgcc.a(_udivmoddi4.o)

.debug_line_str
                0x00000000       0x5c
 .debug_line_str
                0x00000000       0x5c ./Core/Startup/startup_stm32f407vgtx.o
