Driver_LCD.c:50:6:configLCD	4	static
Driver_LCD.c:58:6:CursorRight	16	static
Driver_LCD.c:69:6:CursorLeft	16	static
Driver_LCD.c:79:6:CursorStartLine	8	static
Driver_LCD.c:99:6:ClearLCD	16	static
Driver_LCD.c:108:6:writeByteLCD	24	static
Driver_LCD.c:118:6:writeStringLCD	24	static
Driver_LCD.c:125:6:CursorHome	16	static
Driver_LCD.c:134:6:WriteControl	24	static
Driver_LCD.c:155:6:Gpio_key_Init	4	static
Driver_LCD.c:164:6:configureAndStartSystick	24	static
Driver_LCD.c:209:6:nouvEcriture	16	static
Driver_LCD.c:219:6:SysTick_Handler	16	static
