Nothing to build in platform 'design_1_wrapper'

23:33:22 **** Incremental Build of configuration Debug for project test ****
make all 
make --no-print-directory pre-build
a9-linaro-pre-build-step
' '
make --no-print-directory main-build
'Building file: ../src/main.c'
'Invoking: ARM v7 gcc compiler'
arm-none-eabi-gcc -Wall -O0 -g3 -c -fmessage-length=0 -MT"src/main.o" -mcpu=cortex-a9 -mfpu=vfpv3 -mfloat-abi=hard -IC:/Users/Eliot/Documents/Code/amd/vitisWorkSpace/design_1_wrapper/export/design_1_wrapper/sw/design_1_wrapper/standalone_ps7_cortexa9_0/bspinclude/include -MMD -MP -MF"src/main.d" -MT"src/main.o" -o "src/main.o" "../src/main.c"
'Finished building: ../src/main.c'
' '
'Building target: test.elf'
'Invoking: ARM v7 gcc linker'
arm-none-eabi-gcc -mcpu=cortex-a9 -mfpu=vfpv3 -mfloat-abi=hard -Wl,-build-id=none -specs=Xilinx.spec -Wl,-T -Wl,../src/lscript.ld -LC:/Users/Eliot/Documents/Code/amd/vitisWorkSpace/design_1_wrapper/export/design_1_wrapper/sw/design_1_wrapper/standalone_ps7_cortexa9_0/bsplib/lib -o "test.elf"  ./src/main.o   -Wl,--start-group,-lxil,-lgcc,-lc,--end-group
'Finished building target: test.elf'
' '
'Invoking: ARM v7 Print Size'
arm-none-eabi-size test.elf  |tee "test.elf.size"
   text	   data	    bss	    dec	    hex	filename
  23217	   1176	  22584	  46977	   b781	test.elf
'Finished building: test.elf.size'
' '
23:33:23 **** Incremental Build of configuration Debug for project test_system ****
make all 
Generating bif file for the system project
generate_system_bif.bat 49722 C:/Users/Eliot/Documents/Code/amd/vitisWorkSpace/design_1_wrapper/export/design_1_wrapper/design_1_wrapper.xpfm standalone_ps7_cortexa9_0 C:/Users/Eliot/Documents/Code/amd/vitisWorkSpace/test_system/Debug/system.bif
sdcard_gen --xpfm C:/Users/Eliot/Documents/Code/amd/vitisWorkSpace/design_1_wrapper/export/design_1_wrapper/design_1_wrapper.xpfm --sys_config design_1_wrapper --bif C:/Users/Eliot/Documents/Code/amd/vitisWorkSpace/test_system/Debug/system.bif --bitstream C:/Users/Eliot/Documents/Code/amd/vitisWorkSpace/test/_ide/bitstream/design_1_wrapper.bit --elf C:/Users/Eliot/Documents/Code/amd/vitisWorkSpace/test/Debug/test.elf,ps7_cortexa9_0
creating BOOT.BIN using C:/Users/Eliot/Documents/Code/amd/vitisWorkSpace/test/_ide/bitstream/design_1_wrapper.bit
Running C:/Xilinx/Vitis/2023.1/bin/bootgen  -image C:/Users/Eliot/Documents/Code/amd/vitisWorkSpace/test_system/Debug/sd_card_temp/boot.bif -w -o i BOOT.BIN
