21:07:31 **** Incremental Build of configuration Debug for project Custom_Boot ****
make -j12 all 
arm-none-eabi-gcc "../Core/Src/main.c" -mcpu=cortex-m4 -std=gnu11 -g3 -DDEBUG -DUSE_HAL_DRIVER -DSTM32F407xx -c -I../Core/Inc -I../Drivers/STM32F4xx_HAL_Driver/Inc -I../Drivers/STM32F4xx_HAL_Driver/Inc/Legacy -I../Drivers/CMSIS/Device/ST/STM32F4xx/Include -I../Drivers/CMSIS/Include -O0 -ffunction-sections -fdata-sections -Wall -fstack-usage -fcyclomatic-complexity -MMD -MP -MF"Core/Src/main.d" -MT"Core/Src/main.o" --specs=nano.specs -mfpu=fpv4-sp-d16 -mfloat-abi=hard -mthumb -o "Core/Src/main.o"
arm-none-eabi-gcc -o "Custom_Boot.elf" @"objects.list"   -mcpu=cortex-m4 -T"C:\Users\eerva\Documents\Code\stm32f4\Custom_Boot\STM32F407VGTX_FLASH.ld" --specs=nosys.specs -Wl,-Map="Custom_Boot.map" -Wl,--gc-sections -static --specs=nano.specs -mfpu=fpv4-sp-d16 -mfloat-abi=hard -mthumb -Wl,--start-group -lc -lm -Wl,--end-group
Finished building target: Custom_Boot.elf
 
arm-none-eabi-size  Custom_Boot.elf 
arm-none-eabi-objdump -h -S Custom_Boot.elf  > "Custom_Boot.list"
   text	   data	    bss	    dec	    hex	filename
  30328	     48	   1648	  32024	   7d18	Custom_Boot.elf
arm-none-eabi-objcopy  -O binary Custom_Boot.elf  "Custom_Boot.bin"
Finished building: default.size.stdout
 
Finished building: Custom_Boot.bin
 
Finished building: Custom_Boot.list
 
